Archive member included to satisfy reference by file (symbol)

/opt/st/stm32cubeide_2.1.1/plugins/com.st.stm32cube.ide.mcu.externaltools.gnu-tools-for-stm32.14.3.rel1.linux64_1.0.100.202602081740/tools/bin/../lib/gcc/arm-none-eabi/14.3.1/../../../../arm-none-eabi/lib/thumb/v7e-m+fp/hard/libc_nano.a(libc_a-exit.o)
                              /opt/st/stm32cubeide_2.1.1/plugins/com.st.stm32cube.ide.mcu.externaltools.gnu-tools-for-stm32.14.3.rel1.linux64_1.0.100.202602081740/tools/bin/../lib/gcc/arm-none-eabi/14.3.1/../../../../arm-none-eabi/lib/thumb/v7e-m+fp/hard/crt0.o (exit)
/opt/st/stm32cubeide_2.1.1/plugins/com.st.stm32cube.ide.mcu.externaltools.gnu-tools-for-stm32.14.3.rel1.linux64_1.0.100.202602081740/tools/bin/../lib/gcc/arm-none-eabi/14.3.1/../../../../arm-none-eabi/lib/thumb/v7e-m+fp/hard/libc_nano.a(libc_a-nano-vfprintf_float.o)
                              (_printf_float)
/opt/st/stm32cubeide_2.1.1/plugins/com.st.stm32cube.ide.mcu.externaltools.gnu-tools-for-stm32.14.3.rel1.linux64_1.0.100.202602081740/tools/bin/../lib/gcc/arm-none-eabi/14.3.1/../../../../arm-none-eabi/lib/thumb/v7e-m+fp/hard/libc_nano.a(libc_a-nano-vfprintf_i.o)
                              /opt/st/stm32cubeide_2.1.1/plugins/com.st.stm32cube.ide.mcu.externaltools.gnu-tools-for-stm32.14.3.rel1.linux64_1.0.100.202602081740/tools/bin/../lib/gcc/arm-none-eabi/14.3.1/../../../../arm-none-eabi/lib/thumb/v7e-m+fp/hard/libc_nano.a(libc_a-nano-vfprintf_float.o) (_printf_common)
/opt/st/stm32cubeide_2.1.1/plugins/com.st.stm32cube.ide.mcu.externaltools.gnu-tools-for-stm32.14.3.rel1.linux64_1.0.100.202602081740/tools/bin/../lib/gcc/arm-none-eabi/14.3.1/../../../../arm-none-eabi/lib/thumb/v7e-m+fp/hard/libc_nano.a(libc_a-findfp.o)
                              /opt/st/stm32cubeide_2.1.1/plugins/com.st.stm32cube.ide.mcu.externaltools.gnu-tools-for-stm32.14.3.rel1.linux64_1.0.100.202602081740/tools/bin/../lib/gcc/arm-none-eabi/14.3.1/../../../../arm-none-eabi/lib/thumb/v7e-m+fp/hard/libc_nano.a(libc_a-exit.o) (__stdio_exit_handler)
/opt/st/stm32cubeide_2.1.1/plugins/com.st.stm32cube.ide.mcu.externaltools.gnu-tools-for-stm32.14.3.rel1.linux64_1.0.100.202602081740/tools/bin/../lib/gcc/arm-none-eabi/14.3.1/../../../../arm-none-eabi/lib/thumb/v7e-m+fp/hard/libc_nano.a(libc_a-fwalk.o)
                              /opt/st/stm32cubeide_2.1.1/plugins/com.st.stm32cube.ide.mcu.externaltools.gnu-tools-for-stm32.14.3.rel1.linux64_1.0.100.202602081740/tools/bin/../lib/gcc/arm-none-eabi/14.3.1/../../../../arm-none-eabi/lib/thumb/v7e-m+fp/hard/libc_nano.a(libc_a-findfp.o) (_fwalk_sglue)
/opt/st/stm32cubeide_2.1.1/plugins/com.st.stm32cube.ide.mcu.externaltools.gnu-tools-for-stm32.14.3.rel1.linux64_1.0.100.202602081740/tools/bin/../lib/gcc/arm-none-eabi/14.3.1/../../../../arm-none-eabi/lib/thumb/v7e-m+fp/hard/libc_nano.a(libc_a-printf.o)
                              ./App/Src/app_elevator_fsm.o (printf)
/opt/st/stm32cubeide_2.1.1/plugins/com.st.stm32cube.ide.mcu.externaltools.gnu-tools-for-stm32.14.3.rel1.linux64_1.0.100.202602081740/tools/bin/../lib/gcc/arm-none-eabi/14.3.1/../../../../arm-none-eabi/lib/thumb/v7e-m+fp/hard/libc_nano.a(libc_a-puts.o)
                              ./App/Src/app_elevator_fsm.o (puts)
/opt/st/stm32cubeide_2.1.1/plugins/com.st.stm32cube.ide.mcu.externaltools.gnu-tools-for-stm32.14.3.rel1.linux64_1.0.100.202602081740/tools/bin/../lib/gcc/arm-none-eabi/14.3.1/../../../../arm-none-eabi/lib/thumb/v7e-m+fp/hard/libc_nano.a(libc_a-snprintf.o)
                              ./BSP/Src/dev_display.o (snprintf)
/opt/st/stm32cubeide_2.1.1/plugins/com.st.stm32cube.ide.mcu.externaltools.gnu-tools-for-stm32.14.3.rel1.linux64_1.0.100.202602081740/tools/bin/../lib/gcc/arm-none-eabi/14.3.1/../../../../arm-none-eabi/lib/thumb/v7e-m+fp/hard/libc_nano.a(libc_a-stdio.o)
                              /opt/st/stm32cubeide_2.1.1/plugins/com.st.stm32cube.ide.mcu.externaltools.gnu-tools-for-stm32.14.3.rel1.linux64_1.0.100.202602081740/tools/bin/../lib/gcc/arm-none-eabi/14.3.1/../../../../arm-none-eabi/lib/thumb/v7e-m+fp/hard/libc_nano.a(libc_a-findfp.o) (__sread)
/opt/st/stm32cubeide_2.1.1/plugins/com.st.stm32cube.ide.mcu.externaltools.gnu-tools-for-stm32.14.3.rel1.linux64_1.0.100.202602081740/tools/bin/../lib/gcc/arm-none-eabi/14.3.1/../../../../arm-none-eabi/lib/thumb/v7e-m+fp/hard/libc_nano.a(libc_a-wbuf.o)
                              /opt/st/stm32cubeide_2.1.1/plugins/com.st.stm32cube.ide.mcu.externaltools.gnu-tools-for-stm32.14.3.rel1.linux64_1.0.100.202602081740/tools/bin/../lib/gcc/arm-none-eabi/14.3.1/../../../../arm-none-eabi/lib/thumb/v7e-m+fp/hard/libc_nano.a(libc_a-puts.o) (__swbuf_r)
/opt/st/stm32cubeide_2.1.1/plugins/com.st.stm32cube.ide.mcu.externaltools.gnu-tools-for-stm32.14.3.rel1.linux64_1.0.100.202602081740/tools/bin/../lib/gcc/arm-none-eabi/14.3.1/../../../../arm-none-eabi/lib/thumb/v7e-m+fp/hard/libc_nano.a(libc_a-wsetup.o)
[...]
Memory Configuration

Name             Origin             Length             Attributes
RAM              0x20000000         0x00020000         xrw
FLASH            0x08000000         0x00080000         xr
*default*        0x00000000         0xffffffff

Linker script and memory map

LOAD /opt/st/stm32cubeide_2.1.1/plugins/com.st.stm32cube.ide.mcu.externaltools.gnu-tools-for-stm32.14.3.rel1.linux64_1.0.100.202602081740/tools/bin/../lib/gcc/arm-none-eabi/14.3.1/thumb/v7e-m+fp/hard/crti.o
LOAD /opt/st/stm32cubeide_2.1.1/plugins/com.st.stm32cube.ide.mcu.externaltools.gnu-tools-for-stm32.14.3.rel1.linux64_1.0.100.202602081740/tools/bin/../lib/gcc/arm-none-eabi/14.3.1/thumb/v7e-m+fp/hard/crtbegin.o
LOAD /opt/st/stm32cubeide_2.1.1/plugins/com.st.stm32cube.ide.mcu.externaltools.gnu-tools-for-stm32.14.3.rel1.linux64_1.0.100.202602081740/tools/bin/../lib/gcc/arm-none-eabi/14.3.1/../../../../arm-none-eabi/lib/thumb/v7e-m+fp/hard/crt0.o
LOAD ./App/Src/app_elevator_fsm.o
LOAD ./App/Src/app_rs485_ctrl.o
LOAD ./BSP/Src/dev_button.o
LOAD ./BSP/Src/dev_buzzer.o
LOAD ./BSP/Src/dev_dht.o
LOAD ./BSP/Src/dev_display.o
LOAD ./BSP/Src/dev_photo.o
LOAD ./BSP/Src/dev_servo.o
LOAD ./BSP/Src/dev_stepper.o
LOAD ./Core/Src/gpio.o
LOAD ./Core/Src/i2c.o
LOAD ./Core/Src/iwdg.o
LOAD ./Core/Src/main.o
LOAD ./Core/Src/stm32f4xx_hal_msp.o
LOAD ./Core/Src/stm32f4xx_it.o
LOAD ./Core/Src/syscalls.o
LOAD ./Core/Src/sysmem.o
LOAD ./Core/Src/system_stm32f4xx.o
LOAD ./Core/Src/tim.o
LOAD ./Core/Src/usart.o
LOAD ./Core/Startup/startup_stm32f411retx.o
LOAD ./Drivers/STM32F4xx_HAL_Driver/Src/stm32f4xx_hal.o
LOAD ./Drivers/STM32F4xx_HAL_Driver/Src/stm32f4xx_hal_cortex.o
LOAD ./Drivers/STM32F4xx_HAL_Driver/Src/stm32f4xx_hal_dma.o
LOAD ./Drivers/STM32F4xx_HAL_Driver/Src/stm32f4xx_hal_dma_ex.o
LOAD ./Drivers/STM32F4xx_HAL_Driver/Src/stm32f4xx_hal_exti.o
LOAD ./Drivers/STM32F4xx_HAL_Driver/Src/stm32f4xx_hal_flash.o
LOAD ./Drivers/STM32F4xx_HAL_Driver/Src/stm32f4xx_hal_flash_ex.o
LOAD ./Drivers/STM32F4xx_HAL_Driver/Src/stm32f4xx_hal_flash_ramfunc.o
LOAD ./Drivers/STM32F4xx_HAL_Driver/Src/stm32f4xx_hal_gpio.o
LOAD ./Drivers/STM32F4xx_HAL_Driver/Src/stm32f4xx_hal_i2c.o
LOAD ./Drivers/STM32F4xx_HAL_Driver/Src/stm32f4xx_hal_i2c_ex.o
LOAD ./Drivers/STM32F4xx_HAL_Driver/Src/stm32f4xx_hal_iwdg.o
LOAD ./Drivers/STM32F4xx_HAL_Driver/Src/stm32f4xx_hal_pwr.o
LOAD ./Drivers/STM32F4xx_HAL_Driver/Src/stm32f4xx_hal_pwr_ex.o
LOAD ./Drivers/STM32F4xx_HAL_Driver/Src/stm32f4xx_hal_rcc.o
LOAD ./Drivers/STM32F4xx_HAL_Driver/Src/stm32f4xx_hal_rcc_ex.o
LOAD ./Drivers/STM32F4xx_HAL_Driver/Src/stm32f4xx_hal_tim.o
LOAD ./Drivers/STM32F4xx_HAL_Driver/Src/stm32f4xx_hal_tim_ex.o
LOAD ./Drivers/STM32F4xx_HAL_Driver/Src/stm32f4xx_hal_uart.o
START GROUP
LOAD /opt/st/stm32cubeide_2.1.1/plugins/com.st.stm32cube.ide.mcu.externaltools.gnu-tools-for-stm32.14.3.rel1.linux64_1.0.100.202602081740/tools/bin/../lib/gcc/arm-none-eabi/14.3.1/../../../../arm-none-eabi/lib/thumb/v7e-m+fp/hard/libc_nano.a
LOAD /opt/st/stm32cubeide_2.1.1/plugins/com.st.stm32cube.ide.mcu.externaltools.gnu-tools-for-stm32.14.3.rel1.linux64_1.0.100.202602081740/tools/bin/../lib/gcc/arm-none-eabi/14.3.1/../../../../arm-none-eabi/lib/thumb/v7e-m+fp/hard/libm.a
END GROUP
START GROUP
LOAD /opt/st/stm32cubeide_2.1.1/plugins/com.st.stm32cube.ide.mcu.externaltools.gnu-tools-for-stm32.14.3.rel1.linux64_1.0.100.202602081740/tools/bin/../lib/gcc/arm-none-eabi/14.3.1/thumb/v7e-m+fp/hard/libgcc.a
LOAD /opt/st/stm32cubeide_2.1.1/plugins/com.st.stm32cube.ide.mcu.externaltools.gnu-tools-for-stm32.14.3.rel1.linux64_1.0.100.202602081740/tools/bin/../lib/gcc/arm-none-eabi/14.3.1/../../../../arm-none-eabi/lib/thumb/v7e-m+fp/hard/libc_nano.a
END GROUP
START GROUP
LOAD /opt/st/stm32cubeide_2.1.1/plugins/com.st.stm32cube.ide.mcu.externaltools.gnu-tools-for-stm32.14.3.rel1.linux64_1.0.100.202602081740/tools/bin/../lib/gcc/arm-none-eabi/14.3.1/thumb/v7e-m+fp/hard/libgcc.a
LOAD /opt/st/stm32cubeide_2.1.1/plugins/com.st.stm32cube.ide.mcu.externaltools.gnu-tools-for-stm32.14.3.rel1.linux64_1.0.100.202602081740/tools/bin/../lib/gcc/arm-none-eabi/14.3.1/../../../../arm-none-eabi/lib/thumb/v7e-m+fp/hard/libc_nano.a
LOAD /opt/st/stm32cubeide_2.1.1/plugins/com.st.stm32cube.ide.mcu.externaltools.gnu-tools-for-stm32.14.3.rel1.linux64_1.0.100.202602081740/tools/bin/../lib/gcc/arm-none-eabi/14.3.1/../../../../arm-none-eabi/lib/thumb/v7e-m+fp/hard/libnosys.a
END GROUP
START GROUP
LOAD /opt/st/stm32cubeide_2.1.1/plugins/com.st.stm32cube.ide.mcu.externaltools.gnu-tools-for-stm32.14.3.rel1.linux64_1.0.100.202602081740/tools/bin/../lib/gcc/arm-none-eabi/14.3.1/thumb/v7e-m+fp/hard/libgcc.a
LOAD /opt/st/stm32cubeide_2.1.1/plugins/com.st.stm32cube.ide.mcu.externaltools.gnu-tools-for-stm32.14.3.rel1.linux64_1.0.100.202602081740/tools/bin/../lib/gcc/arm-none-eabi/14.3.1/../../../../arm-none-eabi/lib/thumb/v7e-m+fp/hard/libc_nano.a
LOAD /opt/st/stm32cubeide_2.1.1/plugins/com.st.stm32cube.ide.mcu.externaltools.gnu-tools-for-stm32.14.3.rel1.linux64_1.0.100.202602081740/tools/bin/../lib/gcc/arm-none-eabi/14.3.1/../../../../arm-none-eabi/lib/thumb/v7e-m+fp/hard/libnosys.a
END GROUP
LOAD /opt/st/stm32cubeide_2.1.1/plugins/com.st.stm32cube.ide.mcu.externaltools.gnu-tools-for-stm32.14.3.rel1.linux64_1.0.100.202602081740/tools/bin/../lib/gcc/arm-none-eabi/14.3.1/thumb/v7e-m+fp/hard/crtend.o
LOAD /opt/st/stm32cubeide_2.1.1/plugins/com.st.stm32cube.ide.mcu.externaltools.gnu-tools-for-stm32.14.3.rel1.linux64_1.0.100.202602081740/tools/bin/../lib/gcc/arm-none-eabi/14.3.1/thumb/v7e-m+fp/hard/crtn.o
                0x20020000                        _estack = (ORIGIN (RAM) + LENGTH (RAM))
                0x00000200                        _Min_Heap_Size = 0x200
                0x00000400                        _Min_Stack_Size = 0x400

.isr_vector     0x08000000      0x198
                0x08000000                        . = ALIGN (0x4)
 *(.isr_vector)
 .isr_vector    0x08000000      0x198 ./Core/Startup/startup_stm32f411retx.o
                0x08000000                g_pfnVectors
                0x08000198                        . = ALIGN (0x4)

.text           0x080001a0     0xa298
                0x080001a0                        . = ALIGN (0x4)
 *(.text)
 .text          0x080001a0       0x40 /opt/st/stm32cubeide_2.1.1/plugins/com.st.stm32cube.ide.mcu.externaltools.gnu-tools-for-stm32.14.3.rel1.linux64_1.0.100.202602081740/tools/bin/../lib/gcc/arm-none-eabi/14.3.1/thumb/v7e-m+fp/hard/crtbegin.o
 .text          0x080001e0       0x14 /opt/st/stm32cubeide_2.1.1/plugins/com.st.stm32cube.ide.mcu.externaltools.gnu-tools-for-stm32.14.3.rel1.linux64_1.0.100.202602081740/tools/bin/../lib/gcc/arm-none-eabi/14.3.1/../../../../arm-none-eabi/lib/thumb/v7e-m+fp/hard/libc_nano.a(libc_a-strcmp.o)
                0x080001e0                strcmp
 *fill*         0x080001f4        0xc 
 .text          0x08000200       0xa0 /opt/st/stm32cubeide_2.1.1/plugins/com.st.stm32cube.ide.mcu.externaltools.gnu-tools-for-stm32.14.3.rel1.linux64_1.0.100.202602081740/tools/bin/../lib/gcc/arm-none-eabi/14.3.1/../../../../arm-none-eabi/lib/thumb/v7e-m+fp/hard/libc_nano.a(libc_a-memchr.o)
                0x08000200                memchr
 .text          0x080002a0       0x10 /opt/st/stm32cubeide_2.1.1/plugins/com.st.stm32cube.ide.mcu.externaltools.gnu-tools-for-stm32.14.3.rel1.linux64_1.0.100.202602081740/tools/bin/../lib/gcc/arm-none-eabi/14.3.1/../../../../arm-none-eabi/lib/thumb/v7e-m+fp/hard/libc_nano.a(libc_a-strlen.o)
                0x080002a0                strlen
 .text          0x080002b0      0x378 /opt/st/stm32cubeide_2.1.1/plugins/com.st.stm32cube.ide.mcu.externaltools.gnu-tools-for-stm32.14.3.rel1.linux64_1.0.100.202602081740/tools/bin/../lib/gcc/arm-none-eabi/14.3.1/thumb/v7e-m+fp/hard/libgcc.a(_arm_addsubdf3.o)
                0x080002b0                __aeabi_drsub
                0x080002b8                __aeabi_dsub
                0x080002b8                __subdf3
                0x080002bc                __adddf3
                0x080002bc                __aeabi_dadd
                0x08000534                __aeabi_ui2d
                0x08000534                __floatunsidf
                0x08000554                __floatsidf
                0x08000554                __aeabi_i2d
                0x08000578                __extendsfdf2
                0x08000578                __aeabi_f2d
                0x080005bc                __aeabi_ul2d
                0x080005bc                __floatundidf
                0x080005cc                __floatdidf
                0x080005cc                __aeabi_l2d
 .text          0x08000628      0x424 /opt/st/stm32cubeide_2.1.1/plugins/com.st.stm32cube.ide.mcu.externaltools.gnu-tools-for-stm32.14.3.rel1.linux64_1.0.100.202602081740/tools/bin/../lib/gcc/arm-none-eabi/14.3.1/thumb/v7e-m+fp/hard/libgcc.a(_arm_muldivdf3.o)
                0x08000628                __aeabi_dmul
                0x08000628                __muldf3
                0x0800087c                __aeabi_ddiv
                0x0800087c                __divdf3
 .text          0x08000a4c      0x110 /opt/st/stm32cubeide_2.1.1/plugins/com.st.stm32cube.ide.mcu.externaltools.gnu-tools-for-stm32.14.3.rel1.linux64_1.0.100.202602081740/tools/bin/../lib/gcc/arm-none-eabi/14.3.1/thumb/v7e-m+fp/hard/libgcc.a(_arm_cmpdf2.o)
                0x08000a4c                __gtdf2
                0x08000a4c                __gedf2
                0x08000a54                __ltdf2
                0x08000a54                __ledf2
                0x08000a5c                __cmpdf2
                0x08000a5c                __eqdf2
                0x08000a5c                __nedf2
                0x08000ad8                __aeabi_cdrcmple
                0x08000ae8                __aeabi_cdcmple
                0x08000ae8                __aeabi_cdcmpeq
                0x08000af8                __aeabi_dcmpeq
                0x08000b0c                __aeabi_dcmplt
                0x08000b20                __aeabi_dcmple
                0x08000b34                __aeabi_dcmpge
                0x08000b48                __aeabi_dcmpgt
 .text          0x08000b5c       0x2c /opt/st/stm32cubeide_2.1.1/plugins/com.st.stm32cube.ide.mcu.externaltools.gnu-tools-for-stm32.14.3.rel1.linux64_1.0.100.202602081740/tools/bin/../lib/gcc/arm-none-eabi/14.3.1/thumb/v7e-m+fp/hard/libgcc.a(_arm_unorddf2.o)
                0x08000b5c                __aeabi_dcmpun
                0x08000b5c                __unorddf2
 .text          0x08000b88       0x50 /opt/st/stm32cubeide_2.1.1/plugins/com.st.stm32cube.ide.mcu.externaltools.gnu-tools-for-stm32.14.3.rel1.linux64_1.0.100.202602081740/tools/bin/../lib/gcc/arm-none-eabi/14.3.1/thumb/v7e-m+fp/hard/libgcc.a(_arm_fixdfsi.o)
                0x08000b88                __fixdfsi
                0x08000b88                __aeabi_d2iz
 .text          0x08000bd8       0x30 /opt/st/stm32cubeide_2.1.1/plugins/com.st.stm32cube.ide.mcu.externaltools.gnu-tools-for-stm32.14.3.rel1.linux64_1.0.100.202602081740/tools/bin/../lib/gcc/arm-none-eabi/14.3.1/thumb/v7e-m+fp/hard/libgcc.a(_aeabi_uldivmod.o)
                0x08000bd8                __aeabi_uldivmod
 .text          0x08000c08      0x2f8 /opt/st/stm32cubeide_2.1.1/plugins/com.st.stm32cube.ide.mcu.externaltools.gnu-tools-for-stm32.14.3.rel1.linux64_1.0.100.202602081740/tools/bin/../lib/gcc/arm-none-eabi/14.3.1/thumb/v7e-m+fp/hard/libgcc.a(_udivmoddi4.o)
                0x08000c08                __udivmoddi4
 .text          0x08000f00        0x4 /opt/st/stm32cubeide_2.1.1/plugins/com.st.stm32cube.ide.mcu.externaltools.gnu-tools-for-stm32.14.3.rel1.linux64_1.0.100.202602081740/tools/bin/../lib/gcc/arm-none-eabi/14.3.1/thumb/v7e-m+fp/hard/libgcc.a(_dvmd_tls.o)
                0x08000f00                __aeabi_ldiv0
                0x08000f00                __aeabi_idiv0
 *(.text*)
 .text.Door_EnterPhase
                0x08000f04       0x4c ./App/Src/app_elevator_fsm.o
 .text.FSM_HandleIdle
                0x08000f50       0xac ./App/Src/app_elevator_fsm.o
 .text.FSM_HandleMoving
                0x08000ffc       0x54 ./App/Src/app_elevator_fsm.o
 .text.FSM_HandleDoorOpen
                0x08001050      0x128 ./App/Src/app_elevator_fsm.o
 .text.FSM_HandleError
                0x08001178       0x44 ./App/Src/app_elevator_fsm.o
 .text.FSM_HandleInspection
                0x080011bc       0x44 ./App/Src/app_elevator_fsm.o
 .text.Elevator_FSM_Init
                0x08001200       0x6c ./App/Src/app_elevator_fsm.o
                0x08001200                Elevator_FSM_Init
 .text.Elevator_FSM_Update
                0x0800126c       0xe0 ./App/Src/app_elevator_fsm.o
                0x0800126c                Elevator_FSM_Update
 .text.Elevator_FSM_GetState
                0x0800134c       0x18 ./App/Src/app_elevator_fsm.o
                0x0800134c                Elevator_FSM_GetState
 .text.CRC16    0x08001364       0x7c ./App/Src/app_rs485_ctrl.o
 .text.Get_Register
                0x080013e0       0xbc ./App/Src/app_rs485_ctrl.o
 .text.Set_Register
                0x0800149c       0x88 ./App/Src/app_rs485_ctrl.o
 .text.Send_Response
                0x08001524       0x5c ./App/Src/app_rs485_ctrl.o
 .text.Process_Frame
                0x08001580      0x1d0 ./App/Src/app_rs485_ctrl.o
 .text.HAL_UART_RxCpltCallback
                0x08001750       0x68 ./App/Src/app_rs485_ctrl.o
                0x08001750                HAL_UART_RxCpltCallback
 .text.Modbus_Init
                0x080017b8       0x24 ./App/Src/app_rs485_ctrl.o
                0x080017b8                Modbus_Init
 .text.Modbus_Update
                0x080017dc       0x90 ./App/Src/app_rs485_ctrl.o
                0x080017dc                Modbus_Update
 .text.Button_Scan
                0x0800186c       0x94 ./BSP/Src/dev_button.o
                0x0800186c                Button_Scan
 .text.play_note
                0x08001900       0x60 ./BSP/Src/dev_buzzer.o
 .text.start_sequence
                0x08001960       0x5c ./BSP/Src/dev_buzzer.o
 .text.stop_buzzer
                0x080019bc       0x34 ./BSP/Src/dev_buzzer.o
 .text.Buzzer_Ding
                0x080019f0       0x14 ./BSP/Src/dev_buzzer.o
                0x080019f0                Buzzer_Ding
 .text.Buzzer_Dong
                0x08001a04       0x14 ./BSP/Src/dev_buzzer.o
                0x08001a04                Buzzer_Dong
 .text.Buzzer_Emergency
                0x08001a18       0x14 ./BSP/Src/dev_buzzer.o
                0x08001a18                Buzzer_Emergency
 .text.Buzzer_Update
                0x08001a2c      0x160 ./BSP/Src/dev_buzzer.o
                0x08001a2c                Buzzer_Update
 .text.Delay_us
                0x08001b8c       0x34 ./BSP/Src/dev_dht.o
 .text.Pin_Output
                0x08001bc0       0x54 ./BSP/Src/dev_dht.o
 .text.Pin_Input
                0x08001c14       0x38 ./BSP/Src/dev_dht.o
 .text.Wait_For_Level
                0x08001c4c       0x54 ./BSP/Src/dev_dht.o
 .text.Read_Data_Core
                0x08001ca0      0x128 ./BSP/Src/dev_dht.o
 .text.Read_Sensor_Once
                0x08001dc8       0xf8 ./BSP/Src/dev_dht.o
 .text.DHT_Init
                0x08001ec0       0x24 ./BSP/Src/dev_dht.o
                0x08001ec0                DHT_Init
 .text.DHT_Update
                0x08001ee4       0x34 ./BSP/Src/dev_dht.o
                0x08001ee4                DHT_Update
 .text.DHT_GetTemperature
                0x08001f18       0x1c ./BSP/Src/dev_dht.o
                0x08001f18                DHT_GetTemperature
 .text.DHT_GetHumidity
                0x08001f34       0x1c ./BSP/Src/dev_dht.o
                0x08001f34                DHT_GetHumidity
 .text.DHT_GetLastStatus
                0x08001f50       0x18 ./BSP/Src/dev_dht.o
                0x08001f50                DHT_GetLastStatus
 .text.led_shift_out
                0x08001f68       0x80 ./BSP/Src/dev_display.o
 .text.led_all_on
                0x08001fe8        0xe ./BSP/Src/dev_display.o
 .text.led_all_off
                0x08001ff6        0xe ./BSP/Src/dev_display.o
 .text.wrap8    0x08002004       0x30 ./BSP/Src/dev_display.o
 .text.LED_Bar_Depart
                0x08002034       0x30 ./BSP/Src/dev_display.o
                0x08002034                LED_Bar_Depart
 .text.LED_Bar_Arrive
                0x08002064       0x30 ./BSP/Src/dev_display.o
                0x08002064                LED_Bar_Arrive
 .text.LED_Bar_Go_Up
                0x08002094       0x2c ./BSP/Src/dev_display.o
                0x08002094                LED_Bar_Go_Up
 .text.LED_Bar_Go_Down
                0x080020c0       0x2c ./BSP/Src/dev_display.o
                0x080020c0                LED_Bar_Go_Down
 .text.LED_Bar_Update
                0x080020ec      0x224 ./BSP/Src/dev_display.o
                0x080020ec                LED_Bar_Update
 .text.FND_Shift_Data
                0x08002310       0xbc ./BSP/Src/dev_display.o
                0x08002310                FND_Shift_Data
 .text.FND_Scan
                0x080023cc       0x84 ./BSP/Src/dev_display.o
                0x080023cc                FND_Scan
 .text.RGB_Init
                0x08002450        0xe ./BSP/Src/dev_display.o
                0x08002450                RGB_Init
 *fill*         0x0800245e        0x2 
 .text.RGB_SetColor
                0x08002460       0x84 ./BSP/Src/dev_display.o
                0x08002460                RGB_SetColor
 .text.lcd_i2c_write
                0x080024e4       0x34 ./BSP/Src/dev_display.o
 .text.lcd_pulse_enable
                0x08002518       0x3a ./BSP/Src/dev_display.o
 .text.lcd_write4bits
                0x08002552       0x2a ./BSP/Src/dev_display.o
 .text.lcd_send
                0x0800257c       0x58 ./BSP/Src/dev_display.o
 .text.lcd_command
                0x080025d4       0x1c ./BSP/Src/dev_display.o
 .text.lcd_data
                0x080025f0       0x1c ./BSP/Src/dev_display.o
 .text.LCD_Init
                0x0800260c       0x98 ./BSP/Src/dev_display.o
                0x0800260c                LCD_Init
 .text.LCD_SetCursor
                0x080026a4       0x48 ./BSP/Src/dev_display.o
                0x080026a4                LCD_SetCursor
 .text.LCD_Print
                0x080026ec       0x2a ./BSP/Src/dev_display.o
                0x080026ec                LCD_Print
 *fill*         0x08002716        0x2 
 .text.lcd_print_line
                0x08002718       0x78 ./BSP/Src/dev_display.o
 .text.Display_Init
                0x08002790       0x10 ./BSP/Src/dev_display.o
                0x08002790                Display_Init
 .text.Display_Update
                0x080027a0      0x1c4 ./BSP/Src/dev_display.o
                0x080027a0                Display_Update
 .text.Handle_Photo_Interrupt
                0x08002964       0xb0 ./BSP/Src/dev_photo.o
                0x08002964                Handle_Photo_Interrupt
 .text.Photo_DetectCurrentFloor
                0x08002a14       0x4c ./BSP/Src/dev_photo.o
                0x08002a14                Photo_DetectCurrentFloor
 .text.Servo_Init
                0x08002a60       0x28 ./BSP/Src/dev_servo.o
                0x08002a60                Servo_Init
 .text.Servo_Door_Open
                0x08002a88       0x20 ./BSP/Src/dev_servo.o
                0x08002a88                Servo_Door_Open
 .text.Servo_Door_Close
                0x08002aa8       0x20 ./BSP/Src/dev_servo.o
                0x08002aa8                Servo_Door_Close
 .text.step_output
                0x08002ac8       0x98 ./BSP/Src/dev_stepper.o
 .text.Motor_Start
                0x08002b60       0x54 ./BSP/Src/dev_stepper.o
                0x08002b60                Motor_Start
 .text.Motor_Stop
                0x08002bb4       0x50 ./BSP/Src/dev_stepper.o
                0x08002bb4                Motor_Stop
 .text.Update_Elevator_Motor
                0x08002c04       0x8c ./BSP/Src/dev_stepper.o
                0x08002c04                Update_Elevator_Motor
 .text.MX_GPIO_Init
                0x08002c90      0x1dc ./Core/Src/gpio.o
                0x08002c90                MX_GPIO_Init
 .text.MX_I2C1_Init
                0x08002e6c       0x5c ./Core/Src/i2c.o
                0x08002e6c                MX_I2C1_Init
 .text.HAL_I2C_MspInit
                0x08002ec8       0x90 ./Core/Src/i2c.o
                0x08002ec8                HAL_I2C_MspInit
 .text.MX_IWDG_Init
                0x08002f58       0x34 ./Core/Src/iwdg.o
                0x08002f58                MX_IWDG_Init
 .text.main     0x08002f8c       0xc8 ./Core/Src/main.o
                0x08002f8c                main
 .text.SystemClock_Config
                0x08003054       0xd4 ./Core/Src/main.o
                0x08003054                SystemClock_Config
 .text.__io_putchar
                0x08003128       0x3c ./Core/Src/main.o
                0x08003128                __io_putchar
 .text.HAL_GPIO_EXTI_Callback
                0x08003164       0x40 ./Core/Src/main.o
                0x08003164                HAL_GPIO_EXTI_Callback
 .text.Error_Handler
                0x080031a4        0xc ./Core/Src/main.o
                0x080031a4                Error_Handler
 .text.HAL_MspInit
                0x080031b0       0x50 ./Core/Src/stm32f4xx_hal_msp.o
                0x080031b0                HAL_MspInit
 .text.NMI_Handler
                0x08003200        0x8 ./Core/Src/stm32f4xx_it.o
                0x08003200                NMI_Handler
 .text.HardFault_Handler
                0x08003208        0x8 ./Core/Src/stm32f4xx_it.o
                0x08003208                HardFault_Handler
 .text.MemManage_Handler
                0x08003210        0x8 ./Core/Src/stm32f4xx_it.o
                0x08003210                MemManage_Handler
 .text.BusFault_Handler
                0x08003218        0x8 ./Core/Src/stm32f4xx_it.o
                0x08003218                BusFault_Handler
 .text.UsageFault_Handler
                0x08003220        0x8 ./Core/Src/stm32f4xx_it.o
                0x08003220                UsageFault_Handler
 .text.SVC_Handler
                0x08003228        0xe ./Core/Src/stm32f4xx_it.o
                0x08003228                SVC_Handler
 .text.DebugMon_Handler
                0x08003236        0xe ./Core/Src/stm32f4xx_it.o
                0x08003236                DebugMon_Handler
 .text.PendSV_Handler
                0x08003244        0xe ./Core/Src/stm32f4xx_it.o
                0x08003244                PendSV_Handler
 .text.SysTick_Handler
                0x08003252        0xc ./Core/Src/stm32f4xx_it.o
                0x08003252                SysTick_Handler
 .text.EXTI2_IRQHandler
                0x0800325e        0xe ./Core/Src/stm32f4xx_it.o
                0x0800325e                EXTI2_IRQHandler
 .text.EXTI9_5_IRQHandler
                0x0800326c       0x10 ./Core/Src/stm32f4xx_it.o
                0x0800326c                EXTI9_5_IRQHandler
 .text.USART1_IRQHandler
                0x0800327c       0x14 ./Core/Src/stm32f4xx_it.o
                0x0800327c                USART1_IRQHandler
 .text.EXTI15_10_IRQHandler
                0x08003290       0x18 ./Core/Src/stm32f4xx_it.o
                0x08003290                EXTI15_10_IRQHandler
 .text._getpid  0x080032a8       0x10 ./Core/Src/syscalls.o
                0x080032a8                _getpid
 .text._kill    0x080032b8       0x20 ./Core/Src/syscalls.o
                0x080032b8                _kill
 .text._exit    0x080032d8       0x16 ./Core/Src/syscalls.o
                0x080032d8                _exit
 .text._read    0x080032ee       0x3a ./Core/Src/syscalls.o
                0x080032ee                _read
 .text._write   0x08003328       0x38 ./Core/Src/syscalls.o
                0x08003328                _write
 .text._close   0x08003360       0x18 ./Core/Src/syscalls.o
                0x08003360                _close
 .text._fstat   0x08003378       0x20 ./Core/Src/syscalls.o
                0x08003378                _fstat
 .text._isatty  0x08003398       0x16 ./Core/Src/syscalls.o
                0x08003398                _isatty
 .text._lseek   0x080033ae       0x1a ./Core/Src/syscalls.o
                0x080033ae                _lseek
 .text._sbrk    0x080033c8       0x6c ./Core/Src/sysmem.o
                0x080033c8                _sbrk
 .text.SystemInit
                0x08003434       0x24 ./Core/Src/system_stm32f4xx.o
                0x08003434                SystemInit
 .text.MX_TIM2_Init
                0x08003458       0xec ./Core/Src/tim.o
                0x08003458                MX_TIM2_Init
 .text.MX_TIM3_Init
                0x08003544       0xf0 ./Core/Src/tim.o
                0x08003544                MX_TIM3_Init
 .text.MX_TIM5_Init
                0x08003634       0x9c ./Core/Src/tim.o
                0x08003634                MX_TIM5_Init
 .text.HAL_TIM_Base_MspInit
                0x080036d0       0x98 ./Core/Src/tim.o
                0x080036d0                HAL_TIM_Base_MspInit
 .text.HAL_TIM_MspPostInit
                0x08003768       0xbc ./Core/Src/tim.o
                0x08003768                HAL_TIM_MspPostInit
 .text.MX_USART1_UART_Init
                0x08003824       0x54 ./Core/Src/usart.o
                0x08003824                MX_USART1_UART_Init
 .text.MX_USART2_UART_Init
                0x08003878       0x54 ./Core/Src/usart.o
                0x08003878                MX_USART2_UART_Init
 .text.HAL_UART_MspInit
                0x080038cc      0x108 ./Core/Src/usart.o
                0x080038cc                HAL_UART_MspInit
 .text.Reset_Handler
                0x080039d4       0x50 ./Core/Startup/startup_stm32f411retx.o
                0x080039d4                Reset_Handler
 .text.Default_Handler
                0x08003a24        0x2 ./Core/Startup/startup_stm32f411retx.o
                0x08003a24                RTC_Alarm_IRQHandler
                0x08003a24                SPI4_IRQHandler
                0x08003a24                TIM1_CC_IRQHandler
                0x08003a24                DMA2_Stream5_IRQHandler
                0x08003a24                DMA1_Stream5_IRQHandler
                0x08003a24                PVD_IRQHandler
                0x08003a24                SDIO_IRQHandler
                0x08003a24                TAMP_STAMP_IRQHandler
                0x08003a24                EXTI3_IRQHandler
                0x08003a24                TIM1_UP_TIM10_IRQHandler
                0x08003a24                I2C3_ER_IRQHandler
                0x08003a24                EXTI0_IRQHandler
                0x08003a24                I2C2_EV_IRQHandler
                0x08003a24                DMA1_Stream2_IRQHandler
                0x08003a24                FPU_IRQHandler
                0x08003a24                DMA2_Stream2_IRQHandler
                0x08003a24                SPI1_IRQHandler
                0x08003a24                TIM1_BRK_TIM9_IRQHandler
                0x08003a24                DMA2_Stream3_IRQHandler
                0x08003a24                USART6_IRQHandler
                0x08003a24                DMA2_Stream0_IRQHandler
                0x08003a24                TIM4_IRQHandler
                0x08003a24                I2C1_EV_IRQHandler
                0x08003a24                DMA1_Stream6_IRQHandler
                0x08003a24                DMA1_Stream1_IRQHandler
                0x08003a24                TIM3_IRQHandler
                0x08003a24                RCC_IRQHandler
                0x08003a24                Default_Handler
                0x08003a24                ADC_IRQHandler
                0x08003a24                DMA1_Stream7_IRQHandler
                0x08003a24                SPI5_IRQHandler
                0x08003a24                TIM5_IRQHandler
                0x08003a24                DMA2_Stream7_IRQHandler
                0x08003a24                I2C3_EV_IRQHandler
                0x08003a24                RTC_WKUP_IRQHandler
                0x08003a24                SPI2_IRQHandler
                0x08003a24                DMA1_Stream0_IRQHandler
                0x08003a24                EXTI4_IRQHandler
                0x08003a24                WWDG_IRQHandler
                0x08003a24                TIM2_IRQHandler
                0x08003a24                OTG_FS_WKUP_IRQHandler
                0x08003a24                TIM1_TRG_COM_TIM11_IRQHandler
                0x08003a24                EXTI1_IRQHandler
                0x08003a24                USART2_IRQHandler
                0x08003a24                I2C2_ER_IRQHandler
                0x08003a24                DMA2_Stream1_IRQHandler
                0x08003a24                FLASH_IRQHandler
                0x08003a24                DMA2_Stream4_IRQHandler
                0x08003a24                OTG_FS_IRQHandler
                0x08003a24                SPI3_IRQHandler
                0x08003a24                DMA1_Stream4_IRQHandler
                0x08003a24                I2C1_ER_IRQHandler
                0x08003a24                DMA2_Stream6_IRQHandler
                0x08003a24                DMA1_Stream3_IRQHandler
 *fill*         0x08003a26        0x2 
 .text.HAL_Init
                0x08003a28       0x44 ./Drivers/STM32F4xx_HAL_Driver/Src/stm32f4xx_hal.o
                0x08003a28                HAL_Init
 .text.HAL_InitTick
                0x08003a6c       0x60 ./Drivers/STM32F4xx_HAL_Driver/Src/stm32f4xx_hal.o
                0x08003a6c                HAL_InitTick
 .text.HAL_IncTick
                0x08003acc       0x28 ./Drivers/STM32F4xx_HAL_Driver/Src/stm32f4xx_hal.o
                0x08003acc                HAL_IncTick
 .text.HAL_GetTick
                0x08003af4       0x18 ./Drivers/STM32F4xx_HAL_Driver/Src/stm32f4xx_hal.o
                0x08003af4                HAL_GetTick
 .text.HAL_Delay
                0x08003b0c       0x48 ./Drivers/STM32F4xx_HAL_Driver/Src/stm32f4xx_hal.o
                0x08003b0c                HAL_Delay
 .text.__NVIC_SetPriorityGrouping
                0x08003b54       0x48 ./Drivers/STM32F4xx_HAL_Driver/Src/stm32f4xx_hal_cortex.o
 .text.__NVIC_GetPriorityGrouping
                0x08003b9c       0x1c ./Drivers/STM32F4xx_HAL_Driver/Src/stm32f4xx_hal_cortex.o
 .text.__NVIC_EnableIRQ
                0x08003bb8       0x3c ./Drivers/STM32F4xx_HAL_Driver/Src/stm32f4xx_hal_cortex.o
 .text.__NVIC_SetPriority
                0x08003bf4       0x54 ./Drivers/STM32F4xx_HAL_Driver/Src/stm32f4xx_hal_cortex.o
 .text.NVIC_EncodePriority
                0x08003c48       0x66 ./Drivers/STM32F4xx_HAL_Driver/Src/stm32f4xx_hal_cortex.o
 *fill*         0x08003cae        0x2 
 .text.SysTick_Config
                0x08003cb0       0x44 ./Drivers/STM32F4xx_HAL_Driver/Src/stm32f4xx_hal_cortex.o
 .text.HAL_NVIC_SetPriorityGrouping
                0x08003cf4       0x16 ./Drivers/STM32F4xx_HAL_Driver/Src/stm32f4xx_hal_cortex.o
                0x08003cf4                HAL_NVIC_SetPriorityGrouping
 .text.HAL_NVIC_SetPriority
                0x08003d0a       0x38 ./Drivers/STM32F4xx_HAL_Driver/Src/stm32f4xx_hal_cortex.o
                0x08003d0a                HAL_NVIC_SetPriority
 .text.HAL_NVIC_EnableIRQ
                0x08003d42       0x1c ./Drivers/STM32F4xx_HAL_Driver/Src/stm32f4xx_hal_cortex.o
                0x08003d42                HAL_NVIC_EnableIRQ
 .text.HAL_SYSTICK_Config
                0x08003d5e       0x18 ./Drivers/STM32F4xx_HAL_Driver/Src/stm32f4xx_hal_cortex.o
                0x08003d5e                HAL_SYSTICK_Config
 .text.HAL_DMA_Abort
                0x08003d76       0xe0 ./Drivers/STM32F4xx_HAL_Driver/Src/stm32f4xx_hal_dma.o
                0x08003d76                HAL_DMA_Abort
 .text.HAL_DMA_Abort_IT
                0x08003e56       0x44 ./Drivers/STM32F4xx_HAL_Driver/Src/stm32f4xx_hal_dma.o
                0x08003e56                HAL_DMA_Abort_IT
 *fill*         0x08003e9a        0x2 
 .text.HAL_GPIO_Init
                0x08003e9c      0x308 ./Drivers/STM32F4xx_HAL_Driver/Src/stm32f4xx_hal_gpio.o
                0x08003e9c                HAL_GPIO_Init
 .text.HAL_GPIO_ReadPin
                0x080041a4       0x30 ./Drivers/STM32F4xx_HAL_Driver/Src/stm32f4xx_hal_gpio.o
                0x080041a4                HAL_GPIO_ReadPin
 .text.HAL_GPIO_WritePin
                0x080041d4       0x32 ./Drivers/STM32F4xx_HAL_Driver/Src/stm32f4xx_hal_gpio.o
                0x080041d4                HAL_GPIO_WritePin
 *fill*         0x08004206        0x2 
 .text.HAL_GPIO_EXTI_IRQHandler
                0x08004208       0x30 ./Drivers/STM32F4xx_HAL_Driver/Src/stm32f4xx_hal_gpio.o
                0x08004208                HAL_GPIO_EXTI_IRQHandler
 .text.HAL_I2C_Init
                0x08004238      0x288 ./Drivers/STM32F4xx_HAL_Driver/Src/stm32f4xx_hal_i2c.o
                0x08004238                HAL_I2C_Init
 .text.HAL_I2C_Master_Transmit
                0x080044c0      0x1fc ./Drivers/STM32F4xx_HAL_Driver/Src/stm32f4xx_hal_i2c.o
                0x080044c0                HAL_I2C_Master_Transmit
 .text.HAL_I2C_IsDeviceReady
                0x080046bc      0x25c ./Drivers/STM32F4xx_HAL_Driver/Src/stm32f4xx_hal_i2c.o
                0x080046bc                HAL_I2C_IsDeviceReady
 .text.I2C_MasterRequestWrite
                0x08004918      0x104 ./Drivers/STM32F4xx_HAL_Driver/Src/stm32f4xx_hal_i2c.o
 .text.I2C_WaitOnFlagUntilTimeout
                0x08004a1c       0xf4 ./Drivers/STM32F4xx_HAL_Driver/Src/stm32f4xx_hal_i2c.o
 .text.I2C_WaitOnMasterAddressFlagUntilTimeout
                0x08004b10      0x140 ./Drivers/STM32F4xx_HAL_Driver/Src/stm32f4xx_hal_i2c.o
 .text.I2C_WaitOnTXEFlagUntilTimeout
                0x08004c50       0x90 ./Drivers/STM32F4xx_HAL_Driver/Src/stm32f4xx_hal_i2c.o
 .text.I2C_WaitOnBTFFlagUntilTimeout
                0x08004ce0       0x90 ./Drivers/STM32F4xx_HAL_Driver/Src/stm32f4xx_hal_i2c.o
 .text.I2C_IsAcknowledgeFailed
                0x08004d70       0x5e ./Drivers/STM32F4xx_HAL_Driver/Src/stm32f4xx_hal_i2c.o
 .text.HAL_IWDG_Init
                0x08004dce       0x88 ./Drivers/STM32F4xx_HAL_Driver/Src/stm32f4xx_hal_iwdg.o
                0x08004dce                HAL_IWDG_Init
 .text.HAL_IWDG_Refresh
                0x08004e56       0x20 ./Drivers/STM32F4xx_HAL_Driver/Src/stm32f4xx_hal_iwdg.o
                0x08004e56                HAL_IWDG_Refresh
 *fill*         0x08004e76        0x2 
 .text.HAL_RCC_OscConfig
                0x08004e78      0x4f0 ./Drivers/STM32F4xx_HAL_Driver/Src/stm32f4xx_hal_rcc.o
                0x08004e78                HAL_RCC_OscConfig
 .text.HAL_RCC_ClockConfig
                0x08005368      0x1cc ./Drivers/STM32F4xx_HAL_Driver/Src/stm32f4xx_hal_rcc.o
                0x08005368                HAL_RCC_ClockConfig
 .text.HAL_RCC_GetSysClockFreq
                0x08005534      0x20c ./Drivers/STM32F4xx_HAL_Driver/Src/stm32f4xx_hal_rcc.o
                0x08005534                HAL_RCC_GetSysClockFreq
 .text.HAL_RCC_GetHCLKFreq
                0x08005740       0x18 ./Drivers/STM32F4xx_HAL_Driver/Src/stm32f4xx_hal_rcc.o
                0x08005740                HAL_RCC_GetHCLKFreq
 .text.HAL_RCC_GetPCLK1Freq
                0x08005758       0x28 ./Drivers/STM32F4xx_HAL_Driver/Src/stm32f4xx_hal_rcc.o
                0x08005758                HAL_RCC_GetPCLK1Freq
 .text.HAL_RCC_GetPCLK2Freq
                0x08005780       0x28 ./Drivers/STM32F4xx_HAL_Driver/Src/stm32f4xx_hal_rcc.o
                0x08005780                HAL_RCC_GetPCLK2Freq
 .text.HAL_TIM_Base_Init
                0x080057a8       0x9e ./Drivers/STM32F4xx_HAL_Driver/Src/stm32f4xx_hal_tim.o
                0x080057a8                HAL_TIM_Base_Init
 *fill*         0x08005846        0x2 
 .text.HAL_TIM_Base_Start
                0x08005848       0xb4 ./Drivers/STM32F4xx_HAL_Driver/Src/stm32f4xx_hal_tim.o
                0x08005848                HAL_TIM_Base_Start
 .text.HAL_TIM_PWM_Init
                0x080058fc       0x9e ./Drivers/STM32F4xx_HAL_Driver/Src/stm32f4xx_hal_tim.o
                0x080058fc                HAL_TIM_PWM_Init
 .text.HAL_TIM_PWM_MspInit
                0x0800599a       0x14 ./Drivers/STM32F4xx_HAL_Driver/Src/stm32f4xx_hal_tim.o
                0x0800599a                HAL_TIM_PWM_MspInit
 *fill*         0x080059ae        0x2 
 .text.HAL_TIM_PWM_Start
                0x080059b0      0x160 ./Drivers/STM32F4xx_HAL_Driver/Src/stm32f4xx_hal_tim.o
                0x080059b0                HAL_TIM_PWM_Start
 .text.HAL_TIM_PWM_Stop
                0x08005b10       0xc8 ./Drivers/STM32F4xx_HAL_Driver/Src/stm32f4xx_hal_tim.o
                0x08005b10                HAL_TIM_PWM_Stop
 .text.HAL_TIM_PWM_ConfigChannel
                0x08005bd8      0x184 ./Drivers/STM32F4xx_HAL_Driver/Src/stm32f4xx_hal_tim.o
                0x08005bd8                HAL_TIM_PWM_ConfigChannel
 .text.HAL_TIM_ConfigClockSource
                0x08005d5c      0x18e ./Drivers/STM32F4xx_HAL_Driver/Src/stm32f4xx_hal_tim.o
                0x08005d5c                HAL_TIM_ConfigClockSource
 *fill*         0x08005eea        0x2 
 .text.TIM_Base_SetConfig
                0x08005eec      0x10c ./Drivers/STM32F4xx_HAL_Driver/Src/stm32f4xx_hal_tim.o
                0x08005eec                TIM_Base_SetConfig
 .text.TIM_OC1_SetConfig
                0x08005ff8       0xcc ./Drivers/STM32F4xx_HAL_Driver/Src/stm32f4xx_hal_tim.o
 .text.TIM_OC2_SetConfig
                0x080060c4       0xd8 ./Drivers/STM32F4xx_HAL_Driver/Src/stm32f4xx_hal_tim.o
                0x080060c4                TIM_OC2_SetConfig
 .text.TIM_OC3_SetConfig
                0x0800619c       0xd4 ./Drivers/STM32F4xx_HAL_Driver/Src/stm32f4xx_hal_tim.o
 .text.TIM_OC4_SetConfig
                0x08006270       0xa0 ./Drivers/STM32F4xx_HAL_Driver/Src/stm32f4xx_hal_tim.o
 .text.TIM_TI1_ConfigInputStage
                0x08006310       0x5e ./Drivers/STM32F4xx_HAL_Driver/Src/stm32f4xx_hal_tim.o
 .text.TIM_TI2_ConfigInputStage
                0x0800636e       0x60 ./Drivers/STM32F4xx_HAL_Driver/Src/stm32f4xx_hal_tim.o
 .text.TIM_ITRx_SetConfig
                0x080063ce       0x36 ./Drivers/STM32F4xx_HAL_Driver/Src/stm32f4xx_hal_tim.o
 .text.TIM_ETR_SetConfig
                0x08006404       0x40 ./Drivers/STM32F4xx_HAL_Driver/Src/stm32f4xx_hal_tim.o
                0x08006404                TIM_ETR_SetConfig
 .text.TIM_CCxChannelCmd
                0x08006444       0x4a ./Drivers/STM32F4xx_HAL_Driver/Src/stm32f4xx_hal_tim.o
                0x08006444                TIM_CCxChannelCmd
 *fill*         0x0800648e        0x2 
 .text.HAL_TIMEx_MasterConfigSynchronization
                0x08006490       0xdc ./Drivers/STM32F4xx_HAL_Driver/Src/stm32f4xx_hal_tim_ex.o
                0x08006490                HAL_TIMEx_MasterConfigSynchronization
 .text.HAL_UART_Init
                0x0800656c       0xa0 ./Drivers/STM32F4xx_HAL_Driver/Src/stm32f4xx_hal_uart.o
                0x0800656c                HAL_UART_Init
 .text.HAL_UART_Transmit
                0x0800660c      0x116 ./Drivers/STM32F4xx_HAL_Driver/Src/stm32f4xx_hal_uart.o
                0x0800660c                HAL_UART_Transmit
 .text.HAL_UART_Receive_IT
                0x08006722       0x4a ./Drivers/STM32F4xx_HAL_Driver/Src/stm32f4xx_hal_uart.o
                0x08006722                HAL_UART_Receive_IT
 .text.HAL_UART_IRQHandler
                0x0800676c      0x554 ./Drivers/STM32F4xx_HAL_Driver/Src/stm32f4xx_hal_uart.o
                0x0800676c                HAL_UART_IRQHandler
 .text.HAL_UART_TxCpltCallback
                0x08006cc0       0x14 ./Drivers/STM32F4xx_HAL_Driver/Src/stm32f4xx_hal_uart.o
                0x08006cc0                HAL_UART_TxCpltCallback
 .text.HAL_UART_ErrorCallback
                0x08006cd4       0x14 ./Drivers/STM32F4xx_HAL_Driver/Src/stm32f4xx_hal_uart.o
                0x08006cd4                HAL_UART_ErrorCallback
 .text.HAL_UARTEx_RxEventCallback
                0x08006ce8       0x18 ./Drivers/STM32F4xx_HAL_Driver/Src/stm32f4xx_hal_uart.o
                0x08006ce8                HAL_UARTEx_RxEventCallback
 .text.UART_WaitOnFlagUntilTimeout
                0x08006d00       0xb2 ./Drivers/STM32F4xx_HAL_Driver/Src/stm32f4xx_hal_uart.o
 .text.UART_Start_Receive_IT
                0x08006db2       0x74 ./Drivers/STM32F4xx_HAL_Driver/Src/stm32f4xx_hal_uart.o
                0x08006db2                UART_Start_Receive_IT
 .text.UART_EndRxTransfer
                0x08006e26       0xc6 ./Drivers/STM32F4xx_HAL_Driver/Src/stm32f4xx_hal_uart.o
 .text.UART_DMAAbortOnError
                0x08006eec       0x22 ./Drivers/STM32F4xx_HAL_Driver/Src/stm32f4xx_hal_uart.o
 .text.UART_Transmit_IT
                0x08006f0e       0xa0 ./Drivers/STM32F4xx_HAL_Driver/Src/stm32f4xx_hal_uart.o
 .text.UART_EndTransmit_IT
                0x08006fae       0x30 ./Drivers/STM32F4xx_HAL_Driver/Src/stm32f4xx_hal_uart.o
 .text.UART_Receive_IT
                0x08006fde      0x17c ./Drivers/STM32F4xx_HAL_Driver/Src/stm32f4xx_hal_uart.o
 *fill*         0x0800715a        0x2 
 .text.UART_SetConfig
                0x0800715c      0x4e8 ./Drivers/STM32F4xx_HAL_Driver/Src/stm32f4xx_hal_uart.o
 .text.__cvt    0x08007644       0xca /opt/st/stm32cubeide_2.1.1/plugins/com.st.stm32cube.ide.mcu.externaltools.gnu-tools-for-stm32.14.3.rel1.linux64_1.0.100.202602081740/tools/bin/../lib/gcc/arm-none-eabi/14.3.1/../../../../arm-none-eabi/lib/thumb/v7e-m+fp/hard/libc_nano.a(libc_a-nano-vfprintf_float.o)
                0x08007644                __cvt
 .text.__exponent
                0x0800770e       0x74 /opt/st/stm32cubeide_2.1.1/plugins/com.st.stm32cube.ide.mcu.externaltools.gnu-tools-for-stm32.14.3.rel1.linux64_1.0.100.202602081740/tools/bin/../lib/gcc/arm-none-eabi/14.3.1/../../../../arm-none-eabi/lib/thumb/v7e-m+fp/hard/libc_nano.a(libc_a-nano-vfprintf_float.o)
                0x0800770e                __exponent
 *fill*         0x08007782        0x2 
 .text._printf_float
                0x08007784      0x450 /opt/st/stm32cubeide_2.1.1/plugins/com.st.stm32cube.ide.mcu.externaltools.gnu-tools-for-stm32.14.3.rel1.linux64_1.0.100.202602081740/tools/bin/../lib/gcc/arm-none-eabi/14.3.1/../../../../arm-none-eabi/lib/thumb/v7e-m+fp/hard/libc_nano.a(libc_a-nano-vfprintf_float.o)
                0x08007784                _printf_float
 .text._printf_common
                0x08007bd4       0xda /opt/st/stm32cubeide_2.1.1/plugins/com.st.stm32cube.ide.mcu.externaltools.gnu-tools-for-stm32.14.3.rel1.linux64_1.0.100.202602081740/tools/bin/../lib/gcc/arm-none-eabi/14.3.1/../../../../arm-none-eabi/lib/thumb/v7e-m+fp/hard/libc_nano.a(libc_a-nano-vfprintf_i.o)
                0x08007bd4                _printf_common
 *fill*         0x08007cae        0x2 
 .text._printf_i
                0x08007cb0      0x24c /opt/st/stm32cubeide_2.1.1/plugins/com.st.stm32cube.ide.mcu.externaltools.gnu-tools-for-stm32.14.3.rel1.linux64_1.0.100.202602081740/tools/bin/../lib/gcc/arm-none-eabi/14.3.1/../../../../arm-none-eabi/lib/thumb/v7e-m+fp/hard/libc_nano.a(libc_a-nano-vfprintf_i.o)
                0x08007cb0                _printf_i
 .text.std      0x08007efc       0x6c /opt/st/stm32cubeide_2.1.1/plugins/com.st.stm32cube.ide.mcu.externaltools.gnu-tools-for-stm32.14.3.rel1.linux64_1.0.100.202602081740/tools/bin/../lib/gcc/arm-none-eabi/14.3.1/../../../../arm-none-eabi/lib/thumb/v7e-m+fp/hard/libc_nano.a(libc_a-findfp.o)
 .text.stdio_exit_handler
                0x08007f68       0x18 /opt/st/stm32cubeide_2.1.1/plugins/com.st.stm32cube.ide.mcu.externaltools.gnu-tools-for-stm32.14.3.rel1.linux64_1.0.100.202602081740/tools/bin/../lib/gcc/arm-none-eabi/14.3.1/../../../../arm-none-eabi/lib/thumb/v7e-m+fp/hard/libc_nano.a(libc_a-findfp.o)
 .text.cleanup_stdio
                0x08007f80       0x40 /opt/st/stm32cubeide_2.1.1/plugins/com.st.stm32cube.ide.mcu.externaltools.gnu-tools-for-stm32.14.3.rel1.linux64_1.0.100.202602081740/tools/bin/../lib/gcc/arm-none-eabi/14.3.1/../../../../arm-none-eabi/lib/thumb/v7e-m+fp/hard/libc_nano.a(libc_a-findfp.o)
 .text.global_stdio_init.part.0
                0x08007fc0       0x40 /opt/st/stm32cubeide_2.1.1/plugins/com.st.stm32cube.ide.mcu.externaltools.gnu-tools-for-stm32.14.3.rel1.linux64_1.0.100.202602081740/tools/bin/../lib/gcc/arm-none-eabi/14.3.1/../../../../arm-none-eabi/lib/thumb/v7e-m+fp/hard/libc_nano.a(libc_a-findfp.o)
 .text.__sfp_lock_acquire
                0x08008000        0xc /opt/st/stm32cubeide_2.1.1/plugins/com.st.stm32cube.ide.mcu.externaltools.gnu-tools-for-stm32.14.3.rel1.linux64_1.0.100.202602081740/tools/bin/../lib/gcc/arm-none-eabi/14.3.1/../../../../arm-none-eabi/lib/thumb/v7e-m+fp/hard/libc_nano.a(libc_a-findfp.o)
                0x08008000                __sfp_lock_acquire
 .text.__sfp_lock_release
                0x0800800c        0xc /opt/st/stm32cubeide_2.1.1/plugins/com.st.stm32cube.ide.mcu.externaltools.gnu-tools-for-stm32.14.3.rel1.linux64_1.0.100.202602081740/tools/bin/../lib/gcc/arm-none-eabi/14.3.1/../../../../arm-none-eabi/lib/thumb/v7e-m+fp/hard/libc_nano.a(libc_a-findfp.o)
                0x0800800c                __sfp_lock_release
 .text.__sinit  0x08008018       0x30 /opt/st/stm32cubeide_2.1.1/plugins/com.st.stm32cube.ide.mcu.externaltools.gnu-tools-for-stm32.14.3.rel1.linux64_1.0.100.202602081740/tools/bin/../lib/gcc/arm-none-eabi/14.3.1/../../../../arm-none-eabi/lib/thumb/v7e-m+fp/hard/libc_nano.a(libc_a-findfp.o)
                0x08008018                __sinit
 .text._fwalk_sglue
                0x08008048       0x3c /opt/st/stm32cubeide_2.1.1/plugins/com.st.stm32cube.ide.mcu.externaltools.gnu-tools-for-stm32.14.3.rel1.linux64_1.0.100.202602081740/tools/bin/../lib/gcc/arm-none-eabi/14.3.1/../../../../arm-none-eabi/lib/thumb/v7e-m+fp/hard/libc_nano.a(libc_a-fwalk.o)
                0x08008048                _fwalk_sglue
 .text.printf   0x08008084       0x24 /opt/st/stm32cubeide_2.1.1/plugins/com.st.stm32cube.ide.mcu.externaltools.gnu-tools-for-stm32.14.3.rel1.linux64_1.0.100.202602081740/tools/bin/../lib/gcc/arm-none-eabi/14.3.1/../../../../arm-none-eabi/lib/thumb/v7e-m+fp/hard/libc_nano.a(libc_a-printf.o)
                0x08008084                printf
                0x08008084                iprintf
 .text._puts_r  0x080080a8       0xaa /opt/st/stm32cubeide_2.1.1/plugins/com.st.stm32cube.ide.mcu.externaltools.gnu-tools-for-stm32.14.3.rel1.linux64_1.0.100.202602081740/tools/bin/../lib/gcc/arm-none-eabi/14.3.1/../../../../arm-none-eabi/lib/thumb/v7e-m+fp/hard/libc_nano.a(libc_a-puts.o)
                0x080080a8                _puts_r
 *fill*         0x08008152        0x2 
 .text.puts     0x08008154       0x10 /opt/st/stm32cubeide_2.1.1/plugins/com.st.stm32cube.ide.mcu.externaltools.gnu-tools-for-stm32.14.3.rel1.linux64_1.0.100.202602081740/tools/bin/../lib/gcc/arm-none-eabi/14.3.1/../../../../arm-none-eabi/lib/thumb/v7e-m+fp/hard/libc_nano.a(libc_a-puts.o)
                0x08008154                puts
 .text.snprintf
                0x08008164       0x6c /opt/st/stm32cubeide_2.1.1/plugins/com.st.stm32cube.ide.mcu.externaltools.gnu-tools-for-stm32.14.3.rel1.linux64_1.0.100.202602081740/tools/bin/../lib/gcc/arm-none-eabi/14.3.1/../../../../arm-none-eabi/lib/thumb/v7e-m+fp/hard/libc_nano.a(libc_a-snprintf.o)
                0x08008164                snprintf
                0x08008164                sniprintf
 .text.__sread  0x080081d0       0x22 /opt/st/stm32cubeide_2.1.1/plugins/com.st.stm32cube.ide.mcu.externaltools.gnu-tools-for-stm32.14.3.rel1.linux64_1.0.100.202602081740/tools/bin/../lib/gcc/arm-none-eabi/14.3.1/../../../../arm-none-eabi/lib/thumb/v7e-m+fp/hard/libc_nano.a(libc_a-stdio.o)
                0x080081d0                __sread
 .text.__swrite
                0x080081f2       0x38 /opt/st/stm32cubeide_2.1.1/plugins/com.st.stm32cube.ide.mcu.externaltools.gnu-tools-for-stm32.14.3.rel1.linux64_1.0.100.202602081740/tools/bin/../lib/gcc/arm-none-eabi/14.3.1/../../../../arm-none-eabi/lib/thumb/v7e-m+fp/hard/libc_nano.a(libc_a-stdio.o)
                0x080081f2                __swrite
 .text.__sseek  0x0800822a       0x26 /opt/st/stm32cubeide_2.1.1/plugins/com.st.stm32cube.ide.mcu.externaltools.gnu-tools-for-stm32.14.3.rel1.linux64_1.0.100.202602081740/tools/bin/../lib/gcc/arm-none-eabi/14.3.1/../../../../arm-none-eabi/lib/thumb/v7e-m+fp/hard/libc_nano.a(libc_a-stdio.o)
                0x0800822a                __sseek
 .text.__sclose
                0x08008250        0x8 /opt/st/stm32cubeide_2.1.1/plugins/com.st.stm32cube.ide.mcu.externaltools.gnu-tools-for-stm32.14.3.rel1.linux64_1.0.100.202602081740/tools/bin/../lib/gcc/arm-none-eabi/14.3.1/../../../../arm-none-eabi/lib/thumb/v7e-m+fp/hard/libc_nano.a(libc_a-stdio.o)
                0x08008250                __sclose
 .text.__swbuf_r
                0x08008258       0x7c /opt/st/stm32cubeide_2.1.1/plugins/com.st.stm32cube.ide.mcu.externaltools.gnu-tools-for-stm32.14.3.rel1.linux64_1.0.100.202602081740/tools/bin/../lib/gcc/arm-none-eabi/14.3.1/../../../../arm-none-eabi/lib/thumb/v7e-m+fp/hard/libc_nano.a(libc_a-wbuf.o)
                0x08008258                __swbuf_r
 .text.__swsetup_r
                0x080082d4       0xa8 /opt/st/stm32cubeide_2.1.1/plugins/com.st.stm32cube.ide.mcu.externaltools.gnu-tools-for-stm32.14.3.rel1.linux64_1.0.100.202602081740/tools/bin/../lib/gcc/arm-none-eabi/14.3.1/../../../../arm-none-eabi/lib/thumb/v7e-m+fp/hard/libc_nano.a(libc_a-wsetup.o)
                0x080082d4                __swsetup_r
 .text.memset   0x0800837c       0x10 /opt/st/stm32cubeide_2.1.1/plugins/com.st.stm32cube.ide.mcu.externaltools.gnu-tools-for-stm32.14.3.rel1.linux64_1.0.100.202602081740/tools/bin/../lib/gcc/arm-none-eabi/14.3.1/../../../../arm-none-eabi/lib/thumb/v7e-m+fp/hard/libc_nano.a(libc_a-memset.o)
                0x0800837c                memset
 .text._localeconv_r
                0x0800838c        0x8 /opt/st/stm32cubeide_2.1.1/plugins/com.st.stm32cube.ide.mcu.externaltools.gnu-tools-for-stm32.14.3.rel1.linux64_1.0.100.202602081740/tools/bin/../lib/gcc/arm-none-eabi/14.3.1/../../../../arm-none-eabi/lib/thumb/v7e-m+fp/hard/libc_nano.a(libc_a-localeconv.o)
                0x0800838c                _localeconv_r
 .text._close_r
                0x08008394       0x20 /opt/st/stm32cubeide_2.1.1/plugins/com.st.stm32cube.ide.mcu.externaltools.gnu-tools-for-stm32.14.3.rel1.linux64_1.0.100.202602081740/tools/bin/../lib/gcc/arm-none-eabi/14.3.1/../../../../arm-none-eabi/lib/thumb/v7e-m+fp/hard/libc_nano.a(libc_a-closer.o)
                0x08008394                _close_r
 .text._lseek_r
                0x080083b4       0x24 /opt/st/stm32cubeide_2.1.1/plugins/com.st.stm32cube.ide.mcu.externaltools.gnu-tools-for-stm32.14.3.rel1.linux64_1.0.100.202602081740/tools/bin/../lib/gcc/arm-none-eabi/14.3.1/../../../../arm-none-eabi/lib/thumb/v7e-m+fp/hard/libc_nano.a(libc_a-lseekr.o)
                0x080083b4                _lseek_r
 .text._read_r  0x080083d8       0x24 /opt/st/stm32cubeide_2.1.1/plugins/com.st.stm32cube.ide.mcu.externaltools.gnu-tools-for-stm32.14.3.rel1.linux64_1.0.100.202602081740/tools/bin/../lib/gcc/arm-none-eabi/14.3.1/../../../../arm-none-eabi/lib/thumb/v7e-m+fp/hard/libc_nano.a(libc_a-readr.o)
                0x080083d8                _read_r
 .text._write_r
                0x080083fc       0x24 /opt/st/stm32cubeide_2.1.1/plugins/com.st.stm32cube.ide.mcu.externaltools.gnu-tools-for-stm32.14.3.rel1.linux64_1.0.100.202602081740/tools/bin/../lib/gcc/arm-none-eabi/14.3.1/../../../../arm-none-eabi/lib/thumb/v7e-m+fp/hard/libc_nano.a(libc_a-writer.o)
                0x080083fc                _write_r
 .text.__errno  0x08008420        0xc /opt/st/stm32cubeide_2.1.1/plugins/com.st.stm32cube.ide.mcu.externaltools.gnu-tools-for-stm32.14.3.rel1.linux64_1.0.100.202602081740/tools/bin/../lib/gcc/arm-none-eabi/14.3.1/../../../../arm-none-eabi/lib/thumb/v7e-m+fp/hard/libc_nano.a(libc_a-errno.o)
                0x08008420                __errno
 .text.__libc_init_array
                0x0800842c       0x48 /opt/st/stm32cubeide_2.1.1/plugins/com.st.stm32cube.ide.mcu.externaltools.gnu-tools-for-stm32.14.3.rel1.linux64_1.0.100.202602081740/tools/bin/../lib/gcc/arm-none-eabi/14.3.1/../../../../arm-none-eabi/lib/thumb/v7e-m+fp/hard/libc_nano.a(libc_a-init.o)
                0x0800842c                __libc_init_array
 .text.__retarget_lock_init_recursive
                0x08008474        0x2 /opt/st/stm32cubeide_2.1.1/plugins/com.st.stm32cube.ide.mcu.externaltools.gnu-tools-for-stm32.14.3.rel1.linux64_1.0.100.202602081740/tools/bin/../lib/gcc/arm-none-eabi/14.3.1/../../../../arm-none-eabi/lib/thumb/v7e-m+fp/hard/libc_nano.a(libc_a-lock.o)
                0x08008474                __retarget_lock_init_recursive
 .text.__retarget_lock_acquire_recursive
                0x08008476        0x2 /opt/st/stm32cubeide_2.1.1/plugins/com.st.stm32cube.ide.mcu.externaltools.gnu-tools-for-stm32.14.3.rel1.linux64_1.0.100.202602081740/tools/bin/../lib/gcc/arm-none-eabi/14.3.1/../../../../arm-none-eabi/lib/thumb/v7e-m+fp/hard/libc_nano.a(libc_a-lock.o)
                0x08008476                __retarget_lock_acquire_recursive
 .text.__retarget_lock_release_recursive
                0x08008478        0x2 /opt/st/stm32cubeide_2.1.1/plugins/com.st.stm32cube.ide.mcu.externaltools.gnu-tools-for-stm32.14.3.rel1.linux64_1.0.100.202602081740/tools/bin/../lib/gcc/arm-none-eabi/14.3.1/../../../../arm-none-eabi/lib/thumb/v7e-m+fp/hard/libc_nano.a(libc_a-lock.o)
                0x08008478                __retarget_lock_release_recursive
 .text.strcpy   0x0800847a       0x10 /opt/st/stm32cubeide_2.1.1/plugins/com.st.stm32cube.ide.mcu.externaltools.gnu-tools-for-stm32.14.3.rel1.linux64_1.0.100.202602081740/tools/bin/../lib/gcc/arm-none-eabi/14.3.1/../../../../arm-none-eabi/lib/thumb/v7e-m+fp/hard/libc_nano.a(libc_a-strcpy.o)
                0x0800847a                strcpy
 .text.quorem   0x0800848a      0x110 /opt/st/stm32cubeide_2.1.1/plugins/com.st.stm32cube.ide.mcu.externaltools.gnu-tools-for-stm32.14.3.rel1.linux64_1.0.100.202602081740/tools/bin/../lib/gcc/arm-none-eabi/14.3.1/../../../../arm-none-eabi/lib/thumb/v7e-m+fp/hard/libc_nano.a(libc_a-dtoa.o)
 *fill*         0x0800859a        0x6 
 .text._dtoa_r  0x080085a0      0xbb8 /opt/st/stm32cubeide_2.1.1/plugins/com.st.stm32cube.ide.mcu.externaltools.gnu-tools-for-stm32.14.3.rel1.linux64_1.0.100.202602081740/tools/bin/../lib/gcc/arm-none-eabi/14.3.1/../../../../arm-none-eabi/lib/thumb/v7e-m+fp/hard/libc_nano.a(libc_a-dtoa.o)
                0x080085a0                _dtoa_r
 .text._free_r  0x08009158       0x94 /opt/st/stm32cubeide_2.1.1/plugins/com.st.stm32cube.ide.mcu.externaltools.gnu-tools-for-stm32.14.3.rel1.linux64_1.0.100.202602081740/tools/bin/../lib/gcc/arm-none-eabi/14.3.1/../../../../arm-none-eabi/lib/thumb/v7e-m+fp/hard/libc_nano.a(libc_a-freer.o)
                0x08009158                _free_r
 .text.malloc   0x080091ec       0x10 /opt/st/stm32cubeide_2.1.1/plugins/com.st.stm32cube.ide.mcu.externaltools.gnu-tools-for-stm32.14.3.rel1.linux64_1.0.100.202602081740/tools/bin/../lib/gcc/arm-none-eabi/14.3.1/../../../../arm-none-eabi/lib/thumb/v7e-m+fp/hard/libc_nano.a(libc_a-malloc.o)
                0x080091ec                malloc
 .text.sbrk_aligned
                0x080091fc       0x44 /opt/st/stm32cubeide_2.1.1/plugins/com.st.stm32cube.ide.mcu.externaltools.gnu-tools-for-stm32.14.3.rel1.linux64_1.0.100.202602081740/tools/bin/../lib/gcc/arm-none-eabi/14.3.1/../../../../arm-none-eabi/lib/thumb/v7e-m+fp/hard/libc_nano.a(libc_a-mallocr.o)
 .text._malloc_r
                0x08009240      0x100 /opt/st/stm32cubeide_2.1.1/plugins/com.st.stm32cube.ide.mcu.externaltools.gnu-tools-for-stm32.14.3.rel1.linux64_1.0.100.202602081740/tools/bin/../lib/gcc/arm-none-eabi/14.3.1/../../../../arm-none-eabi/lib/thumb/v7e-m+fp/hard/libc_nano.a(libc_a-mallocr.o)
                0x08009240                _malloc_r
 .text.__malloc_lock
                0x08009340        0xc /opt/st/stm32cubeide_2.1.1/plugins/com.st.stm32cube.ide.mcu.externaltools.gnu-tools-for-stm32.14.3.rel1.linux64_1.0.100.202602081740/tools/bin/../lib/gcc/arm-none-eabi/14.3.1/../../../../arm-none-eabi/lib/thumb/v7e-m+fp/hard/libc_nano.a(libc_a-mlock.o)
                0x08009340                __malloc_lock
 .text.__malloc_unlock
                0x0800934c        0xc /opt/st/stm32cubeide_2.1.1/plugins/com.st.stm32cube.ide.mcu.externaltools.gnu-tools-for-stm32.14.3.rel1.linux64_1.0.100.202602081740/tools/bin/../lib/gcc/arm-none-eabi/14.3.1/../../../../arm-none-eabi/lib/thumb/v7e-m+fp/hard/libc_nano.a(libc_a-mlock.o)
                0x0800934c                __malloc_unlock
 .text._Balloc  0x08009358       0x7c /opt/st/stm32cubeide_2.1.1/plugins/com.st.stm32cube.ide.mcu.externaltools.gnu-tools-for-stm32.14.3.rel1.linux64_1.0.100.202602081740/tools/bin/../lib/gcc/arm-none-eabi/14.3.1/../../../../arm-none-eabi/lib/thumb/v7e-m+fp/hard/libc_nano.a(libc_a-mprec.o)
                0x08009358                _Balloc
 .text._Bfree   0x080093d4       0x44 /opt/st/stm32cubeide_2.1.1/plugins/com.st.stm32cube.ide.mcu.externaltools.gnu-tools-for-stm32.14.3.rel1.linux64_1.0.100.202602081740/tools/bin/../lib/gcc/arm-none-eabi/14.3.1/../../../../arm-none-eabi/lib/thumb/v7e-m+fp/hard/libc_nano.a(libc_a-mprec.o)
                0x080093d4                _Bfree
 .text.__multadd
                0x08009418       0x8c /opt/st/stm32cubeide_2.1.1/plugins/com.st.stm32cube.ide.mcu.externaltools.gnu-tools-for-stm32.14.3.rel1.linux64_1.0.100.202602081740/tools/bin/../lib/gcc/arm-none-eabi/14.3.1/../../../../arm-none-eabi/lib/thumb/v7e-m+fp/hard/libc_nano.a(libc_a-mprec.o)
                0x08009418                __multadd
 .text.__hi0bits
                0x080094a4       0x3e /opt/st/stm32cubeide_2.1.1/plugins/com.st.stm32cube.ide.mcu.externaltools.gnu-tools-for-stm32.14.3.rel1.linux64_1.0.100.202602081740/tools/bin/../lib/gcc/arm-none-eabi/14.3.1/../../../../arm-none-eabi/lib/thumb/v7e-m+fp/hard/libc_nano.a(libc_a-mprec.o)
                0x080094a4                __hi0bits
 .text.__lo0bits
                0x080094e2       0x5a /opt/st/stm32cubeide_2.1.1/plugins/com.st.stm32cube.ide.mcu.externaltools.gnu-tools-for-stm32.14.3.rel1.linux64_1.0.100.202602081740/tools/bin/../lib/gcc/arm-none-eabi/14.3.1/../../../../arm-none-eabi/lib/thumb/v7e-m+fp/hard/libc_nano.a(libc_a-mprec.o)
                0x080094e2                __lo0bits
 .text.__i2b    0x0800953c       0x2c /opt/st/stm32cubeide_2.1.1/plugins/com.st.stm32cube.ide.mcu.externaltools.gnu-tools-for-stm32.14.3.rel1.linux64_1.0.100.202602081740/tools/bin/../lib/gcc/arm-none-eabi/14.3.1/../../../../arm-none-eabi/lib/thumb/v7e-m+fp/hard/libc_nano.a(libc_a-mprec.o)
                0x0800953c                __i2b
 .text.__multiply
                0x08009568      0x154 /opt/st/stm32cubeide_2.1.1/plugins/com.st.stm32cube.ide.mcu.externaltools.gnu-tools-for-stm32.14.3.rel1.linux64_1.0.100.202602081740/tools/bin/../lib/gcc/arm-none-eabi/14.3.1/../../../../arm-none-eabi/lib/thumb/v7e-m+fp/hard/libc_nano.a(libc_a-mprec.o)
                0x08009568                __multiply
 .text.__pow5mult
                0x080096bc       0xb8 /opt/st/stm32cubeide_2.1.1/plugins/com.st.stm32cube.ide.mcu.externaltools.gnu-tools-for-stm32.14.3.rel1.linux64_1.0.100.202602081740/tools/bin/../lib/gcc/arm-none-eabi/14.3.1/../../../../arm-none-eabi/lib/thumb/v7e-m+fp/hard/libc_nano.a(libc_a-mprec.o)
                0x080096bc                __pow5mult
 .text.__lshift
                0x08009774       0xdc /opt/st/stm32cubeide_2.1.1/plugins/com.st.stm32cube.ide.mcu.externaltools.gnu-tools-for-stm32.14.3.rel1.linux64_1.0.100.202602081740/tools/bin/../lib/gcc/arm-none-eabi/14.3.1/../../../../arm-none-eabi/lib/thumb/v7e-m+fp/hard/libc_nano.a(libc_a-mprec.o)
                0x08009774                __lshift
 .text.__mcmp   0x08009850       0x36 /opt/st/stm32cubeide_2.1.1/plugins/com.st.stm32cube.ide.mcu.externaltools.gnu-tools-for-stm32.14.3.rel1.linux64_1.0.100.202602081740/tools/bin/../lib/gcc/arm-none-eabi/14.3.1/../../../../arm-none-eabi/lib/thumb/v7e-m+fp/hard/libc_nano.a(libc_a-mprec.o)
                0x08009850                __mcmp
 *fill*         0x08009886        0x2 
 .text.__mdiff  0x08009888      0x130 /opt/st/stm32cubeide_2.1.1/plugins/com.st.stm32cube.ide.mcu.externaltools.gnu-tools-for-stm32.14.3.rel1.linux64_1.0.100.202602081740/tools/bin/../lib/gcc/arm-none-eabi/14.3.1/../../../../arm-none-eabi/lib/thumb/v7e-m+fp/hard/libc_nano.a(libc_a-mprec.o)
                0x08009888                __mdiff
 .text.__d2b    0x080099b8       0xb0 /opt/st/stm32cubeide_2.1.1/plugins/com.st.stm32cube.ide.mcu.externaltools.gnu-tools-for-stm32.14.3.rel1.linux64_1.0.100.202602081740/tools/bin/../lib/gcc/arm-none-eabi/14.3.1/../../../../arm-none-eabi/lib/thumb/v7e-m+fp/hard/libc_nano.a(libc_a-mprec.o)
                0x080099b8                __d2b
 .text.__ssputs_r
                0x08009a68       0xc0 /opt/st/stm32cubeide_2.1.1/plugins/com.st.stm32cube.ide.mcu.externaltools.gnu-tools-for-stm32.14.3.rel1.linux64_1.0.100.202602081740/tools/bin/../lib/gcc/arm-none-eabi/14.3.1/../../../../arm-none-eabi/lib/thumb/v7e-m+fp/hard/libc_nano.a(libc_a-nano-svfprintf.o)
                0x08009a68                __ssputs_r
 .text._svfprintf_r
                0x08009b28      0x1f0 /opt/st/stm32cubeide_2.1.1/plugins/com.st.stm32cube.ide.mcu.externaltools.gnu-tools-for-stm32.14.3.rel1.linux64_1.0.100.202602081740/tools/bin/../lib/gcc/arm-none-eabi/14.3.1/../../../../arm-none-eabi/lib/thumb/v7e-m+fp/hard/libc_nano.a(libc_a-nano-svfprintf.o)
                0x08009b28                _svfprintf_r
                0x08009b28                _svfiprintf_r
 .text.__sfputc_r
                0x08009d18       0x2e /opt/st/stm32cubeide_2.1.1/plugins/com.st.stm32cube.ide.mcu.externaltools.gnu-tools-for-stm32.14.3.rel1.linux64_1.0.100.202602081740/tools/bin/../lib/gcc/arm-none-eabi/14.3.1/../../../../arm-none-eabi/lib/thumb/v7e-m+fp/hard/libc_nano.a(libc_a-nano-vfprintf.o)
 .text.__sfputs_r
                0x08009d46       0x24 /opt/st/stm32cubeide_2.1.1/plugins/com.st.stm32cube.ide.mcu.externaltools.gnu-tools-for-stm32.14.3.rel1.linux64_1.0.100.202602081740/tools/bin/../lib/gcc/arm-none-eabi/14.3.1/../../../../arm-none-eabi/lib/thumb/v7e-m+fp/hard/libc_nano.a(libc_a-nano-vfprintf.o)
                0x08009d46                __sfputs_r
 *fill*         0x08009d6a        0x2 
 .text._vfprintf_r
                0x08009d6c      0x228 /opt/st/stm32cubeide_2.1.1/plugins/com.st.stm32cube.ide.mcu.externaltools.gnu-tools-for-stm32.14.3.rel1.linux64_1.0.100.202602081740/tools/bin/../lib/gcc/arm-none-eabi/14.3.1/../../../../arm-none-eabi/lib/thumb/v7e-m+fp/hard/libc_nano.a(libc_a-nano-vfprintf.o)
                0x08009d6c                _vfiprintf_r
                0x08009d6c                _vfprintf_r
 .text.__sflush_r
                0x08009f94      0x104 /opt/st/stm32cubeide_2.1.1/plugins/com.st.stm32cube.ide.mcu.externaltools.gnu-tools-for-stm32.14.3.rel1.linux64_1.0.100.202602081740/tools/bin/../lib/gcc/arm-none-eabi/14.3.1/../../../../arm-none-eabi/lib/thumb/v7e-m+fp/hard/libc_nano.a(libc_a-fflush.o)
                0x08009f94                __sflush_r
 .text._fflush_r
                0x0800a098       0x50 /opt/st/stm32cubeide_2.1.1/plugins/com.st.stm32cube.ide.mcu.externaltools.gnu-tools-for-stm32.14.3.rel1.linux64_1.0.100.202602081740/tools/bin/../lib/gcc/arm-none-eabi/14.3.1/../../../../arm-none-eabi/lib/thumb/v7e-m+fp/hard/libc_nano.a(libc_a-fflush.o)
                0x0800a098                _fflush_r
 .text.__swhatbuf_r
                0x0800a0e8       0x48 /opt/st/stm32cubeide_2.1.1/plugins/com.st.stm32cube.ide.mcu.externaltools.gnu-tools-for-stm32.14.3.rel1.linux64_1.0.100.202602081740/tools/bin/../lib/gcc/arm-none-eabi/14.3.1/../../../../arm-none-eabi/lib/thumb/v7e-m+fp/hard/libc_nano.a(libc_a-makebuf.o)
                0x0800a0e8                __swhatbuf_r
 .text.__smakebuf_r
                0x0800a130       0x72 /opt/st/stm32cubeide_2.1.1/plugins/com.st.stm32cube.ide.mcu.externaltools.gnu-tools-for-stm32.14.3.rel1.linux64_1.0.100.202602081740/tools/bin/../lib/gcc/arm-none-eabi/14.3.1/../../../../arm-none-eabi/lib/thumb/v7e-m+fp/hard/libc_nano.a(libc_a-makebuf.o)
                0x0800a130                __smakebuf_r
 .text.memmove  0x0800a1a2       0x32 /opt/st/stm32cubeide_2.1.1/plugins/com.st.stm32cube.ide.mcu.externaltools.gnu-tools-for-stm32.14.3.rel1.linux64_1.0.100.202602081740/tools/bin/../lib/gcc/arm-none-eabi/14.3.1/../../../../arm-none-eabi/lib/thumb/v7e-m+fp/hard/libc_nano.a(libc_a-memmove.o)
                0x0800a1a2                memmove
 .text._fstat_r
                0x0800a1d4       0x24 /opt/st/stm32cubeide_2.1.1/plugins/com.st.stm32cube.ide.mcu.externaltools.gnu-tools-for-stm32.14.3.rel1.linux64_1.0.100.202602081740/tools/bin/../lib/gcc/arm-none-eabi/14.3.1/../../../../arm-none-eabi/lib/thumb/v7e-m+fp/hard/libc_nano.a(libc_a-fstatr.o)
                0x0800a1d4                _fstat_r
 .text._isatty_r
                0x0800a1f8       0x20 /opt/st/stm32cubeide_2.1.1/plugins/com.st.stm32cube.ide.mcu.externaltools.gnu-tools-for-stm32.14.3.rel1.linux64_1.0.100.202602081740/tools/bin/../lib/gcc/arm-none-eabi/14.3.1/../../../../arm-none-eabi/lib/thumb/v7e-m+fp/hard/libc_nano.a(libc_a-isattyr.o)
                0x0800a1f8                _isatty_r
 .text._sbrk_r  0x0800a218       0x20 /opt/st/stm32cubeide_2.1.1/plugins/com.st.stm32cube.ide.mcu.externaltools.gnu-tools-for-stm32.14.3.rel1.linux64_1.0.100.202602081740/tools/bin/../lib/gcc/arm-none-eabi/14.3.1/../../../../arm-none-eabi/lib/thumb/v7e-m+fp/hard/libc_nano.a(libc_a-sbrkr.o)
                0x0800a218                _sbrk_r
 .text.memcpy   0x0800a238       0x1c /opt/st/stm32cubeide_2.1.1/plugins/com.st.stm32cube.ide.mcu.externaltools.gnu-tools-for-stm32.14.3.rel1.linux64_1.0.100.202602081740/tools/bin/../lib/gcc/arm-none-eabi/14.3.1/../../../../arm-none-eabi/lib/thumb/v7e-m+fp/hard/libc_nano.a(libc_a-memcpy-stub.o)
                0x0800a238                memcpy
 .text.__assert_func
                0x0800a254       0x3c /opt/st/stm32cubeide_2.1.1/plugins/com.st.stm32cube.ide.mcu.externaltools.gnu-tools-for-stm32.14.3.rel1.linux64_1.0.100.202602081740/tools/bin/../lib/gcc/arm-none-eabi/14.3.1/../../../../arm-none-eabi/lib/thumb/v7e-m+fp/hard/libc_nano.a(libc_a-assert.o)
                0x0800a254                __assert_func
 .text._calloc_r
                0x0800a290       0x28 /opt/st/stm32cubeide_2.1.1/plugins/com.st.stm32cube.ide.mcu.externaltools.gnu-tools-for-stm32.14.3.rel1.linux64_1.0.100.202602081740/tools/bin/../lib/gcc/arm-none-eabi/14.3.1/../../../../arm-none-eabi/lib/thumb/v7e-m+fp/hard/libc_nano.a(libc_a-callocr.o)
                0x0800a290                _calloc_r
 .text.__ascii_mbtowc
                0x0800a2b8       0x24 /opt/st/stm32cubeide_2.1.1/plugins/com.st.stm32cube.ide.mcu.externaltools.gnu-tools-for-stm32.14.3.rel1.linux64_1.0.100.202602081740/tools/bin/../lib/gcc/arm-none-eabi/14.3.1/../../../../arm-none-eabi/lib/thumb/v7e-m+fp/hard/libc_nano.a(libc_a-mbtowc_r.o)
                0x0800a2b8                __ascii_mbtowc
 .text._realloc_r
                0x0800a2dc       0x5c /opt/st/stm32cubeide_2.1.1/plugins/com.st.stm32cube.ide.mcu.externaltools.gnu-tools-for-stm32.14.3.rel1.linux64_1.0.100.202602081740/tools/bin/../lib/gcc/arm-none-eabi/14.3.1/../../../../arm-none-eabi/lib/thumb/v7e-m+fp/hard/libc_nano.a(libc_a-reallocr.o)
                0x0800a2dc                _realloc_r
 .text.__ascii_wctomb
                0x0800a338       0x1a /opt/st/stm32cubeide_2.1.1/plugins/com.st.stm32cube.ide.mcu.externaltools.gnu-tools-for-stm32.14.3.rel1.linux64_1.0.100.202602081740/tools/bin/../lib/gcc/arm-none-eabi/14.3.1/../../../../arm-none-eabi/lib/thumb/v7e-m+fp/hard/libc_nano.a(libc_a-wctomb_r.o)
                0x0800a338                __ascii_wctomb
 *fill*         0x0800a352        0x2 
 .text.fprintf  0x0800a354       0x24 /opt/st/stm32cubeide_2.1.1/plugins/com.st.stm32cube.ide.mcu.externaltools.gnu-tools-for-stm32.14.3.rel1.linux64_1.0.100.202602081740/tools/bin/../lib/gcc/arm-none-eabi/14.3.1/../../../../arm-none-eabi/lib/thumb/v7e-m+fp/hard/libc_nano.a(libc_a-fprintf.o)
                0x0800a354                fprintf
                0x0800a354                fiprintf
 .text.abort    0x0800a378        0xe /opt/st/stm32cubeide_2.1.1/plugins/com.st.stm32cube.ide.mcu.externaltools.gnu-tools-for-stm32.14.3.rel1.linux64_1.0.100.202602081740/tools/bin/../lib/gcc/arm-none-eabi/14.3.1/../../../../arm-none-eabi/lib/thumb/v7e-m+fp/hard/libc_nano.a(libc_a-abort.o)
                0x0800a378                abort
 .text._malloc_usable_size_r
                0x0800a386       0x10 /opt/st/stm32cubeide_2.1.1/plugins/com.st.stm32cube.ide.mcu.externaltools.gnu-tools-for-stm32.14.3.rel1.linux64_1.0.100.202602081740/tools/bin/../lib/gcc/arm-none-eabi/14.3.1/../../../../arm-none-eabi/lib/thumb/v7e-m+fp/hard/libc_nano.a(libc_a-msizer.o)
                0x0800a386                _malloc_usable_size_r
 .text._raise_r
                0x0800a396       0x50 /opt/st/stm32cubeide_2.1.1/plugins/com.st.stm32cube.ide.mcu.externaltools.gnu-tools-for-stm32.14.3.rel1.linux64_1.0.100.202602081740/tools/bin/../lib/gcc/arm-none-eabi/14.3.1/../../../../arm-none-eabi/lib/thumb/v7e-m+fp/hard/libc_nano.a(libc_a-signal.o)
                0x0800a396                _raise_r
 *fill*         0x0800a3e6        0x2 
 .text.raise    0x0800a3e8       0x10 /opt/st/stm32cubeide_2.1.1/plugins/com.st.stm32cube.ide.mcu.externaltools.gnu-tools-for-stm32.14.3.rel1.linux64_1.0.100.202602081740/tools/bin/../lib/gcc/arm-none-eabi/14.3.1/../../../../arm-none-eabi/lib/thumb/v7e-m+fp/hard/libc_nano.a(libc_a-signal.o)
                0x0800a3e8                raise
 .text._kill_r  0x0800a3f8       0x24 /opt/st/stm32cubeide_2.1.1/plugins/com.st.stm32cube.ide.mcu.externaltools.gnu-tools-for-stm32.14.3.rel1.linux64_1.0.100.202602081740/tools/bin/../lib/gcc/arm-none-eabi/14.3.1/../../../../arm-none-eabi/lib/thumb/v7e-m+fp/hard/libc_nano.a(libc_a-signalr.o)
                0x0800a3f8                _kill_r
 .text._getpid_r
                0x0800a41c        0x4 /opt/st/stm32cubeide_2.1.1/plugins/com.st.stm32cube.ide.mcu.externaltools.gnu-tools-for-stm32.14.3.rel1.linux64_1.0.100.202602081740/tools/bin/../lib/gcc/arm-none-eabi/14.3.1/../../../../arm-none-eabi/lib/thumb/v7e-m+fp/hard/libc_nano.a(libc_a-signalr.o)
                0x0800a41c                _getpid_r
 *(.glue_7)
 .glue_7        0x0800a420        0x0 linker stubs
 *(.glue_7t)
 .glue_7t       0x0800a420        0x0 linker stubs
 *(.eh_frame)
 .eh_frame      0x0800a420        0x0 /opt/st/stm32cubeide_2.1.1/plugins/com.st.stm32cube.ide.mcu.externaltools.gnu-tools-for-stm32.14.3.rel1.linux64_1.0.100.202602081740/tools/bin/../lib/gcc/arm-none-eabi/14.3.1/thumb/v7e-m+fp/hard/crtbegin.o
 *(.init)
 .init          0x0800a420        0x4 /opt/st/stm32cubeide_2.1.1/plugins/com.st.stm32cube.ide.mcu.externaltools.gnu-tools-for-stm32.14.3.rel1.linux64_1.0.100.202602081740/tools/bin/../lib/gcc/arm-none-eabi/14.3.1/thumb/v7e-m+fp/hard/crti.o
                0x0800a420                _init
 .init          0x0800a424        0x8 /opt/st/stm32cubeide_2.1.1/plugins/com.st.stm32cube.ide.mcu.externaltools.gnu-tools-for-stm32.14.3.rel1.linux64_1.0.100.202602081740/tools/bin/../lib/gcc/arm-none-eabi/14.3.1/thumb/v7e-m+fp/hard/crtn.o
 *(.fini)
 .fini          0x0800a42c        0x4 /opt/st/stm32cubeide_2.1.1/plugins/com.st.stm32cube.ide.mcu.externaltools.gnu-tools-for-stm32.14.3.rel1.linux64_1.0.100.202602081740/tools/bin/../lib/gcc/arm-none-eabi/14.3.1/thumb/v7e-m+fp/hard/crti.o
                0x0800a42c                _fini
 .fini          0x0800a430        0x8 /opt/st/stm32cubeide_2.1.1/plugins/com.st.stm32cube.ide.mcu.externaltools.gnu-tools-for-stm32.14.3.rel1.linux64_1.0.100.202602081740/tools/bin/../lib/gcc/arm-none-eabi/14.3.1/thumb/v7e-m+fp/hard/crtn.o
                0x0800a438                        . = ALIGN (0x4)
                0x0800a438                        _etext = .

.vfp11_veneer   0x0800a438        0x0
 .vfp11_veneer  0x0800a438        0x0 linker stubs

.v4_bx          0x0800a438        0x0
 .v4_bx         0x0800a438        0x0 linker stubs

.iplt           0x0800a438        0x0
 .iplt          0x0800a438        0x0 /opt/st/stm32cubeide_2.1.1/plugins/com.st.stm32cube.ide.mcu.externaltools.gnu-tools-for-stm32.14.3.rel1.linux64_1.0.100.202602081740/tools/bin/../lib/gcc/arm-none-eabi/14.3.1/thumb/v7e-m+fp/hard/crtbegin.o

.rodata         0x0800a438      0xa34
                0x0800a438                        . = ALIGN (0x4)
 *(.rodata)
 .rodata        0x0800a438      0x202 ./App/Src/app_elevator_fsm.o
 *fill*         0x0800a63a        0x2 
 .rodata        0x0800a63c       0x7a ./App/Src/app_rs485_ctrl.o
 *fill*         0x0800a6b6        0x2 
 .rodata        0x0800a6b8       0x74 ./BSP/Src/dev_dht.o
 .rodata        0x0800a72c      0x1b7 ./BSP/Src/dev_display.o
 *fill*         0x0800a8e3        0x1 
 .rodata        0x0800a8e4       0x44 ./BSP/Src/dev_photo.o
 .rodata        0x0800a928       0x86 ./BSP/Src/dev_servo.o
 *fill*         0x0800a9ae        0x2 
 .rodata        0x0800a9b0       0x32 ./BSP/Src/dev_stepper.o
 *fill*         0x0800a9e2        0x2 
 .rodata        0x0800a9e4       0x3e ./Core/Src/main.o
 *(.rodata*)
 *fill*         0x0800aa22        0x2 
 .rodata.SEQ_DING
                0x0800aa24       0x34 ./BSP/Src/dev_buzzer.o
 .rodata.SEQ_DONG
                0x0800aa58       0x34 ./BSP/Src/dev_buzzer.o
 .rodata.SEQ_EMERGENCY
                0x0800aa8c       0x34 ./BSP/Src/dev_buzzer.o
 .rodata.HALF_STEP
                0x0800aac0       0x20 ./BSP/Src/dev_stepper.o
 .rodata.AHBPrescTable
                0x0800aae0       0x10 ./Core/Src/system_stm32f4xx.o
                0x0800aae0                AHBPrescTable
 .rodata.APBPrescTable
                0x0800aaf0        0x8 ./Core/Src/system_stm32f4xx.o
                0x0800aaf0                APBPrescTable
 .rodata._printf_float.str1.1
                0x0800aaf8      0x171 /opt/st/stm32cubeide_2.1.1/plugins/com.st.stm32cube.ide.mcu.externaltools.gnu-tools-for-stm32.14.3.rel1.linux64_1.0.100.202602081740/tools/bin/../lib/gcc/arm-none-eabi/14.3.1/../../../../arm-none-eabi/lib/thumb/v7e-m+fp/hard/libc_nano.a(libc_a-nano-vfprintf_float.o)
                                 0x12 (size before relaxing)
 .rodata._printf_i.str1.1
                0x0800ac69       0x22 /opt/st/stm32cubeide_2.1.1/plugins/com.st.stm32cube.ide.mcu.externaltools.gnu-tools-for-stm32.14.3.rel1.linux64_1.0.100.202602081740/tools/bin/../lib/gcc/arm-none-eabi/14.3.1/../../../../arm-none-eabi/lib/thumb/v7e-m+fp/hard/libc_nano.a(libc_a-nano-vfprintf_i.o)
 .rodata._dtoa_r.str1.1
                0x0800ac69       0x8f /opt/st/stm32cubeide_2.1.1/plugins/com.st.stm32cube.ide.mcu.externaltools.gnu-tools-for-stm32.14.3.rel1.linux64_1.0.100.202602081740/tools/bin/../lib/gcc/arm-none-eabi/14.3.1/../../../../arm-none-eabi/lib/thumb/v7e-m+fp/hard/libc_nano.a(libc_a-dtoa.o)
 .rodata._Balloc.str1.1
                0x0800ac69       0x70 /opt/st/stm32cubeide_2.1.1/plugins/com.st.stm32cube.ide.mcu.externaltools.gnu-tools-for-stm32.14.3.rel1.linux64_1.0.100.202602081740/tools/bin/../lib/gcc/arm-none-eabi/14.3.1/../../../../arm-none-eabi/lib/thumb/v7e-m+fp/hard/libc_nano.a(libc_a-mprec.o)
 .rodata.__multadd.str1.1
                0x0800ac69       0x11 /opt/st/stm32cubeide_2.1.1/plugins/com.st.stm32cube.ide.mcu.externaltools.gnu-tools-for-stm32.14.3.rel1.linux64_1.0.100.202602081740/tools/bin/../lib/gcc/arm-none-eabi/14.3.1/../../../../arm-none-eabi/lib/thumb/v7e-m+fp/hard/libc_nano.a(libc_a-mprec.o)
 *fill*         0x0800ac69        0x3 
 .rodata.p05.0  0x0800ac6c        0xc /opt/st/stm32cubeide_2.1.1/plugins/com.st.stm32cube.ide.mcu.externaltools.gnu-tools-for-stm32.14.3.rel1.linux64_1.0.100.202602081740/tools/bin/../lib/gcc/arm-none-eabi/14.3.1/../../../../arm-none-eabi/lib/thumb/v7e-m+fp/hard/libc_nano.a(libc_a-mprec.o)
 .rodata.__mprec_bigtens
                0x0800ac78       0x28 /opt/st/stm32cubeide_2.1.1/plugins/com.st.stm32cube.ide.mcu.externaltools.gnu-tools-for-stm32.14.3.rel1.linux64_1.0.100.202602081740/tools/bin/../lib/gcc/arm-none-eabi/14.3.1/../../../../arm-none-eabi/lib/thumb/v7e-m+fp/hard/libc_nano.a(libc_a-mprec.o)
                0x0800ac78                __mprec_bigtens
 .rodata.__mprec_tens
                0x0800aca0       0xc8 /opt/st/stm32cubeide_2.1.1/plugins/com.st.stm32cube.ide.mcu.externaltools.gnu-tools-for-stm32.14.3.rel1.linux64_1.0.100.202602081740/tools/bin/../lib/gcc/arm-none-eabi/14.3.1/../../../../arm-none-eabi/lib/thumb/v7e-m+fp/hard/libc_nano.a(libc_a-mprec.o)
                0x0800aca0                __mprec_tens
 .rodata._svfprintf_r.str1.1
                0x0800ad68       0x11 /opt/st/stm32cubeide_2.1.1/plugins/com.st.stm32cube.ide.mcu.externaltools.gnu-tools-for-stm32.14.3.rel1.linux64_1.0.100.202602081740/tools/bin/../lib/gcc/arm-none-eabi/14.3.1/../../../../arm-none-eabi/lib/thumb/v7e-m+fp/hard/libc_nano.a(libc_a-nano-svfprintf.o)
 .rodata._vfprintf_r.str1.1
                0x0800ad68       0x11 /opt/st/stm32cubeide_2.1.1/plugins/com.st.stm32cube.ide.mcu.externaltools.gnu-tools-for-stm32.14.3.rel1.linux64_1.0.100.202602081740/tools/bin/../lib/gcc/arm-none-eabi/14.3.1/../../../../arm-none-eabi/lib/thumb/v7e-m+fp/hard/libc_nano.a(libc_a-nano-vfprintf.o)
 .rodata._setlocale_r.str1.1
                0x0800ad68        0x9 /opt/st/stm32cubeide_2.1.1/plugins/com.st.stm32cube.ide.mcu.externaltools.gnu-tools-for-stm32.14.3.rel1.linux64_1.0.100.202602081740/tools/bin/../lib/gcc/arm-none-eabi/14.3.1/../../../../arm-none-eabi/lib/thumb/v7e-m+fp/hard/libc_nano.a(libc_a-locale.o)
 .rodata.str1.1
                0x0800ad68        0x2 /opt/st/stm32cubeide_2.1.1/plugins/com.st.stm32cube.ide.mcu.externaltools.gnu-tools-for-stm32.14.3.rel1.linux64_1.0.100.202602081740/tools/bin/../lib/gcc/arm-none-eabi/14.3.1/../../../../arm-none-eabi/lib/thumb/v7e-m+fp/hard/libc_nano.a(libc_a-locale.o)
 .rodata.__assert_func.str1.1
                0x0800ad68       0x3d /opt/st/stm32cubeide_2.1.1/plugins/com.st.stm32cube.ide.mcu.externaltools.gnu-tools-for-stm32.14.3.rel1.linux64_1.0.100.202602081740/tools/bin/../lib/gcc/arm-none-eabi/14.3.1/../../../../arm-none-eabi/lib/thumb/v7e-m+fp/hard/libc_nano.a(libc_a-assert.o)
 .rodata._ctype_
                0x0800ad68      0x101 /opt/st/stm32cubeide_2.1.1/plugins/com.st.stm32cube.ide.mcu.externaltools.gnu-tools-for-stm32.14.3.rel1.linux64_1.0.100.202602081740/tools/bin/../lib/gcc/arm-none-eabi/14.3.1/../../../../arm-none-eabi/lib/thumb/v7e-m+fp/hard/libc_nano.a(libc_a-ctype_.o)
                0x0800ad68                _ctype_
                0x0800ae6c                        . = ALIGN (0x4)
 *fill*         0x0800ae69        0x3 

.ARM.extab      0x0800ae6c        0x0
                0x0800ae6c                        . = ALIGN (0x4)
 *(.ARM.extab* .gnu.linkonce.armextab.*)
                0x0800ae6c                        . = ALIGN (0x4)

.ARM            0x0800ae6c        0x8
                0x0800ae6c                        . = ALIGN (0x4)
                0x0800ae6c                        __exidx_start = .
 *(.ARM.exidx*)
 .ARM.exidx     0x0800ae6c        0x8 /opt/st/stm32cubeide_2.1.1/plugins/com.st.stm32cube.ide.mcu.externaltools.gnu-tools-for-stm32.14.3.rel1.linux64_1.0.100.202602081740/tools/bin/../lib/gcc/arm-none-eabi/14.3.1/../../../../arm-none-eabi/lib/thumb/v7e-m+fp/hard/libc_nano.a(libc_a-strcmp.o)
 .ARM.exidx     0x0800ae74        0x0 /opt/st/stm32cubeide_2.1.1/plugins/com.st.stm32cube.ide.mcu.externaltools.gnu-tools-for-stm32.14.3.rel1.linux64_1.0.100.202602081740/tools/bin/../lib/gcc/arm-none-eabi/14.3.1/../../../../arm-none-eabi/lib/thumb/v7e-m+fp/hard/libc_nano.a(libc_a-memchr.o)
                                  0x8 (size before relaxing)
 .ARM.exidx     0x0800ae74        0x0 /opt/st/stm32cubeide_2.1.1/plugins/com.st.stm32cube.ide.mcu.externaltools.gnu-tools-for-stm32.14.3.rel1.linux64_1.0.100.202602081740/tools/bin/../lib/gcc/arm-none-eabi/14.3.1/../../../../arm-none-eabi/lib/thumb/v7e-m+fp/hard/libc_nano.a(libc_a-strlen.o)
                                  0x8 (size before relaxing)
 .ARM.exidx     0x0800ae74        0x0 /opt/st/stm32cubeide_2.1.1/plugins/com.st.stm32cube.ide.mcu.externaltools.gnu-tools-for-stm32.14.3.rel1.linux64_1.0.100.202602081740/tools/bin/../lib/gcc/arm-none-eabi/14.3.1/thumb/v7e-m+fp/hard/libgcc.a(_udivmoddi4.o)
                                  0x8 (size before relaxing)
                0x0800ae74                        __exidx_end = .
                0x0800ae74                        . = ALIGN (0x4)

.preinit_array  0x0800ae74        0x0
                0x0800ae74                        . = ALIGN (0x4)
                0x0800ae74                        PROVIDE (__preinit_array_start = .)
 *(.preinit_array*)
                0x0800ae74                        PROVIDE (__preinit_array_end = .)
                0x0800ae74                        . = ALIGN (0x4)

.init_array     0x0800ae74        0x4
                0x0800ae74                        . = ALIGN (0x4)
                0x0800ae74                        PROVIDE (__init_array_start = .)
 *(SORT_BY_NAME(.init_array.*))
 *(.init_array*)
 .init_array    0x0800ae74        0x4 /opt/st/stm32cubeide_2.1.1/plugins/com.st.stm32cube.ide.mcu.externaltools.gnu-tools-for-stm32.14.3.rel1.linux64_1.0.100.202602081740/tools/bin/../lib/gcc/arm-none-eabi/14.3.1/thumb/v7e-m+fp/hard/crtbegin.o
                0x0800ae78                        PROVIDE (__init_array_end = .)
                0x0800ae78                        . = ALIGN (0x4)

.fini_array     0x0800ae78        0x4
                0x0800ae78                        . = ALIGN (0x4)
                [!provide]                        PROVIDE (__fini_array_start = .)
 *(SORT_BY_NAME(.fini_array.*))
 *(.fini_array*)
 .fini_array    0x0800ae78        0x4 /opt/st/stm32cubeide_2.1.1/plugins/com.st.stm32cube.ide.mcu.externaltools.gnu-tools-for-stm32.14.3.rel1.linux64_1.0.100.202602081740/tools/bin/../lib/gcc/arm-none-eabi/14.3.1/thumb/v7e-m+fp/hard/crtbegin.o
                [!provide]                        PROVIDE (__fini_array_end = .)
                0x0800ae7c                        . = ALIGN (0x4)
                0x0800ae7c                        _sidata = LOADADDR (.data)

.rel.dyn        0x0800ae7c        0x0
 .rel.iplt      0x0800ae7c        0x0 /opt/st/stm32cubeide_2.1.1/plugins/com.st.stm32cube.ide.mcu.externaltools.gnu-tools-for-stm32.14.3.rel1.linux64_1.0.100.202602081740/tools/bin/../lib/gcc/arm-none-eabi/14.3.1/thumb/v7e-m+fp/hard/crtbegin.o

.data           0x20000000      0x214 load address 0x0800ae7c
                0x20000000                        . = ALIGN (0x4)
                0x20000000                        _sdata = .
 *(.data)
 *(.data*)
 .data.buttons  0x20000000       0x3c ./BSP/Src/dev_button.o
 .data.current_floor
                0x2000003c        0x1 ./Core/Src/main.o
                0x2000003c                current_floor
 .data.target_floor
                0x2000003d        0x1 ./Core/Src/main.o
                0x2000003d                target_floor
 *fill*         0x2000003e        0x2 
 .data.SystemCoreClock
                0x20000040        0x4 ./Core/Src/system_stm32f4xx.o
                0x20000040                SystemCoreClock
 .data.uwTickPrio
                0x20000044        0x4 ./Drivers/STM32F4xx_HAL_Driver/Src/stm32f4xx_hal.o
                0x20000044                uwTickPrio
 .data.uwTickFreq
                0x20000048        0x1 ./Drivers/STM32F4xx_HAL_Driver/Src/stm32f4xx_hal.o
                0x20000048                uwTickFreq
 *fill*         0x20000049        0x3 
 .data.__sglue  0x2000004c        0xc /opt/st/stm32cubeide_2.1.1/plugins/com.st.stm32cube.ide.mcu.externaltools.gnu-tools-for-stm32.14.3.rel1.linux64_1.0.100.202602081740/tools/bin/../lib/gcc/arm-none-eabi/14.3.1/../../../../arm-none-eabi/lib/thumb/v7e-m+fp/hard/libc_nano.a(libc_a-findfp.o)
                0x2000004c                __sglue
 .data._impure_ptr
                0x20000058        0x4 /opt/st/stm32cubeide_2.1.1/plugins/com.st.stm32cube.ide.mcu.externaltools.gnu-tools-for-stm32.14.3.rel1.linux64_1.0.100.202602081740/tools/bin/../lib/gcc/arm-none-eabi/14.3.1/../../../../arm-none-eabi/lib/thumb/v7e-m+fp/hard/libc_nano.a(libc_a-impure.o)
                0x20000058                _impure_ptr
 .data._impure_data
                0x2000005c       0x4c /opt/st/stm32cubeide_2.1.1/plugins/com.st.stm32cube.ide.mcu.externaltools.gnu-tools-for-stm32.14.3.rel1.linux64_1.0.100.202602081740/tools/bin/../lib/gcc/arm-none-eabi/14.3.1/../../../../arm-none-eabi/lib/thumb/v7e-m+fp/hard/libc_nano.a(libc_a-impure.o)
                0x2000005c                _impure_data
 .data.__global_locale
                0x200000a8      0x16c /opt/st/stm32cubeide_2.1.1/plugins/com.st.stm32cube.ide.mcu.externaltools.gnu-tools-for-stm32.14.3.rel1.linux64_1.0.100.202602081740/tools/bin/../lib/gcc/arm-none-eabi/14.3.1/../../../../arm-none-eabi/lib/thumb/v7e-m+fp/hard/libc_nano.a(libc_a-locale.o)
                0x200000a8                __global_locale
 *(.RamFunc)
 *(.RamFunc*)
                0x20000214                        . = ALIGN (0x4)
                0x20000214                        _edata = .

.igot.plt       0x20000214        0x0 load address 0x0800b090
 .igot.plt      0x20000214        0x0 /opt/st/stm32cubeide_2.1.1/plugins/com.st.stm32cube.ide.mcu.externaltools.gnu-tools-for-stm32.14.3.rel1.linux64_1.0.100.202602081740/tools/bin/../lib/gcc/arm-none-eabi/14.3.1/thumb/v7e-m+fp/hard/crtbegin.o
                0x20000214                        . = ALIGN (0x4)

.bss            0x20000214      0x3d8 load address 0x0800b090
                0x20000214                        _sbss = .
                0x20000214                        __bss_start__ = _sbss
 *(.bss)
 .bss           0x20000214       0x1c /opt/st/stm32cubeide_2.1.1/plugins/com.st.stm32cube.ide.mcu.externaltools.gnu-tools-for-stm32.14.3.rel1.linux64_1.0.100.202602081740/tools/bin/../lib/gcc/arm-none-eabi/14.3.1/thumb/v7e-m+fp/hard/crtbegin.o
 *(.bss*)
 .bss.s_state   0x20000230        0x1 ./App/Src/app_elevator_fsm.o
 .bss.s_door_phase
                0x20000231        0x1 ./App/Src/app_elevator_fsm.o
 *fill*         0x20000232        0x2 
 .bss.s_phase_tick
                0x20000234        0x4 ./App/Src/app_elevator_fsm.o
 .bss.s_rx_buf  0x20000238       0x20 ./App/Src/app_rs485_ctrl.o
 .bss.s_rx_len  0x20000258        0x1 ./App/Src/app_rs485_ctrl.o
 *fill*         0x20000259        0x3 
 .bss.s_last_byte_tick
                0x2000025c        0x4 ./App/Src/app_rs485_ctrl.o
 .bss.s_rx_byte
                0x20000260        0x1 ./App/Src/app_rs485_ctrl.o
 *fill*         0x20000261        0x3 
 .bss.s_seq     0x20000264        0x4 ./BSP/Src/dev_buzzer.o
 .bss.s_note_idx
                0x20000268        0x1 ./BSP/Src/dev_buzzer.o
 .bss.s_loop_rem
                0x20000269        0x1 ./BSP/Src/dev_buzzer.o
 *fill*         0x2000026a        0x2 
 .bss.s_note_start
                0x2000026c        0x4 ./BSP/Src/dev_buzzer.o
 .bss.s_env_tick
                0x20000270        0x4 ./BSP/Src/dev_buzzer.o
 .bss.s_ccr_cur
                0x20000274        0x4 ./BSP/Src/dev_buzzer.o
 .bss.s_active  0x20000278        0x1 ./BSP/Src/dev_buzzer.o
 .bss.s_gap_active
                0x20000279        0x1 ./BSP/Src/dev_buzzer.o
 *fill*         0x2000027a        0x2 
 .bss.s_gap_start
                0x2000027c        0x4 ./BSP/Src/dev_buzzer.o
 .bss.s_temperature
                0x20000280        0x4 ./BSP/Src/dev_dht.o
 .bss.s_humidity
                0x20000284        0x4 ./BSP/Src/dev_dht.o
 .bss.s_status  0x20000288        0x1 ./BSP/Src/dev_dht.o
 *fill*         0x20000289        0x3 
 .bss.s_last_read_tick
                0x2000028c        0x4 ./BSP/Src/dev_dht.o
 .bss.s_anim    0x20000290        0x1 ./BSP/Src/dev_display.o
 .bss.s_step    0x20000291        0x1 ./BSP/Src/dev_display.o
 *fill*         0x20000292        0x2 
 .bss.s_last_tick
                0x20000294        0x4 ./BSP/Src/dev_display.o
 .bss.s_blink_cnt
                0x20000298        0x1 ./BSP/Src/dev_display.o
 .bss.s_lcd_present
                0x20000299        0x1 ./BSP/Src/dev_display.o
 *fill*         0x2000029a        0x2 
 .bss.last.0    0x2000029c       0x22 ./BSP/Src/dev_display.o
 *fill*         0x200002be        0x2 
 .bss.last_time.0
                0x200002c0        0x4 ./BSP/Src/dev_photo.o
 .bss.s_running
                0x200002c4        0x1 ./BSP/Src/dev_stepper.o
 .bss.s_direction
                0x200002c5        0x1 ./BSP/Src/dev_stepper.o
 .bss.s_step_index
                0x200002c6        0x1 ./BSP/Src/dev_stepper.o
 *fill*         0x200002c7        0x1 
 .bss.s_last_tick
                0x200002c8        0x4 ./BSP/Src/dev_stepper.o
 .bss.hi2c1     0x200002cc       0x54 ./Core/Src/i2c.o
                0x200002cc                hi2c1
 .bss.hiwdg     0x20000320        0xc ./Core/Src/iwdg.o
                0x20000320                hiwdg
 .bss.emergency_active
                0x2000032c        0x1 ./Core/Src/main.o
                0x2000032c                emergency_active
 .bss.inspection_active
                0x2000032d        0x1 ./Core/Src/main.o
                0x2000032d                inspection_active
 *fill*         0x2000032e        0x2 
 .bss.__sbrk_heap_end
                0x20000330        0x4 ./Core/Src/sysmem.o
 .bss.htim2     0x20000334       0x48 ./Core/Src/tim.o
                0x20000334                htim2
 .bss.htim3     0x2000037c       0x48 ./Core/Src/tim.o
                0x2000037c                htim3
 .bss.htim5     0x200003c4       0x48 ./Core/Src/tim.o
                0x200003c4                htim5
 .bss.huart1    0x2000040c       0x48 ./Core/Src/usart.o
                0x2000040c                huart1
 .bss.huart2    0x20000454       0x48 ./Core/Src/usart.o
                0x20000454                huart2
 .bss.uwTick    0x2000049c        0x4 ./Drivers/STM32F4xx_HAL_Driver/Src/stm32f4xx_hal.o
                0x2000049c                uwTick
 .bss.__sf      0x200004a0      0x138 /opt/st/stm32cubeide_2.1.1/plugins/com.st.stm32cube.ide.mcu.externaltools.gnu-tools-for-stm32.14.3.rel1.linux64_1.0.100.202602081740/tools/bin/../lib/gcc/arm-none-eabi/14.3.1/../../../../arm-none-eabi/lib/thumb/v7e-m+fp/hard/libc_nano.a(libc_a-findfp.o)
                0x200004a0                __sf
 .bss.__stdio_exit_handler
                0x200005d8        0x4 /opt/st/stm32cubeide_2.1.1/plugins/com.st.stm32cube.ide.mcu.externaltools.gnu-tools-for-stm32.14.3.rel1.linux64_1.0.100.202602081740/tools/bin/../lib/gcc/arm-none-eabi/14.3.1/../../../../arm-none-eabi/lib/thumb/v7e-m+fp/hard/libc_nano.a(libc_a-findfp.o)
                0x200005d8                __stdio_exit_handler
 .bss.errno     0x200005dc        0x4 /opt/st/stm32cubeide_2.1.1/plugins/com.st.stm32cube.ide.mcu.externaltools.gnu-tools-for-stm32.14.3.rel1.linux64_1.0.100.202602081740/tools/bin/../lib/gcc/arm-none-eabi/14.3.1/../../../../arm-none-eabi/lib/thumb/v7e-m+fp/hard/libc_nano.a(libc_a-reent.o)
                0x200005dc                errno
 .bss.__lock___malloc_recursive_mutex
                0x200005e0        0x1 /opt/st/stm32cubeide_2.1.1/plugins/com.st.stm32cube.ide.mcu.externaltools.gnu-tools-for-stm32.14.3.rel1.linux64_1.0.100.202602081740/tools/bin/../lib/gcc/arm-none-eabi/14.3.1/../../../../arm-none-eabi/lib/thumb/v7e-m+fp/hard/libc_nano.a(libc_a-lock.o)
                0x200005e0                __lock___malloc_recursive_mutex
 .bss.__lock___sfp_recursive_mutex
                0x200005e1        0x1 /opt/st/stm32cubeide_2.1.1/plugins/com.st.stm32cube.ide.mcu.externaltools.gnu-tools-for-stm32.14.3.rel1.linux64_1.0.100.202602081740/tools/bin/../lib/gcc/arm-none-eabi/14.3.1/../../../../arm-none-eabi/lib/thumb/v7e-m+fp/hard/libc_nano.a(libc_a-lock.o)
                0x200005e1                __lock___sfp_recursive_mutex
 *fill*         0x200005e2        0x2 
 .bss.__malloc_sbrk_start
                0x200005e4        0x4 /opt/st/stm32cubeide_2.1.1/plugins/com.st.stm32cube.ide.mcu.externaltools.gnu-tools-for-stm32.14.3.rel1.linux64_1.0.100.202602081740/tools/bin/../lib/gcc/arm-none-eabi/14.3.1/../../../../arm-none-eabi/lib/thumb/v7e-m+fp/hard/libc_nano.a(libc_a-mallocr.o)
                0x200005e4                __malloc_sbrk_start
 .bss.__malloc_free_list
                0x200005e8        0x4 /opt/st/stm32cubeide_2.1.1/plugins/com.st.stm32cube.ide.mcu.externaltools.gnu-tools-for-stm32.14.3.rel1.linux64_1.0.100.202602081740/tools/bin/../lib/gcc/arm-none-eabi/14.3.1/../../../../arm-none-eabi/lib/thumb/v7e-m+fp/hard/libc_nano.a(libc_a-mallocr.o)
                0x200005e8                __malloc_free_list
 *(COMMON)
                0x200005ec                        . = ALIGN (0x4)
                0x200005ec                        _ebss = .
                0x200005ec                        __bss_end__ = _ebss

._user_heap_stack
                0x200005ec      0x604 load address 0x0800b090
                0x200005f0                        . = ALIGN (0x8)
 *fill*         0x200005ec        0x4 
                [!provide]                        PROVIDE (end = .)
                0x200005f0                        PROVIDE (_end = .)
                0x200007f0                        . = (. + _Min_Heap_Size)
 *fill*         0x200005f0      0x200 
                0x20000bf0                        . = (. + _Min_Stack_Size)
 *fill*         0x200007f0      0x400 
                0x20000bf0                        . = ALIGN (0x8)

/DISCARD/
 libc.a(*)
 libm.a(*)
 libgcc.a(*)

.ARM.attributes
                0x00000000       0x30
 *(.ARM.attributes)
 .ARM.attributes
                0x00000000       0x22 /opt/st/stm32cubeide_2.1.1/plugins/com.st.stm32cube.ide.mcu.externaltools.gnu-tools-for-stm32.14.3.rel1.linux64_1.0.100.202602081740/tools/bin/../lib/gcc/arm-none-eabi/14.3.1/thumb/v7e-m+fp/hard/crti.o
 .ARM.attributes
                0x00000022       0x34 /opt/st/stm32cubeide_2.1.1/plugins/com.st.stm32cube.ide.mcu.externaltools.gnu-tools-for-stm32.14.3.rel1.linux64_1.0.100.202602081740/tools/bin/../lib/gcc/arm-none-eabi/14.3.1/thumb/v7e-m+fp/hard/crtbegin.o
 .ARM.attributes
                0x00000056       0x34 ./App/Src/app_elevator_fsm.o
 .ARM.attributes
                0x0000008a       0x34 ./App/Src/app_rs485_ctrl.o
 .ARM.attributes
                0x000000be       0x34 ./BSP/Src/dev_button.o
 .ARM.attributes
                0x000000f2       0x34 ./BSP/Src/dev_buzzer.o
 .ARM.attributes
                0x00000126       0x34 ./BSP/Src/dev_dht.o
 .ARM.attributes
                0x0000015a       0x34 ./BSP/Src/dev_display.o
 .ARM.attributes
                0x0000018e       0x34 ./BSP/Src/dev_photo.o
 .ARM.attributes
                0x000001c2       0x34 ./BSP/Src/dev_servo.o
 .ARM.attributes
                0x000001f6       0x34 ./BSP/Src/dev_stepper.o
 .ARM.attributes
                0x0000022a       0x34 ./Core/Src/gpio.o
 .ARM.attributes
                0x0000025e       0x34 ./Core/Src/i2c.o