../BSP/Src/dev_dht.c:18:13:Delay_us	24	static
../BSP/Src/dev_dht.c:30:13:Pin_Output	40	static
../BSP/Src/dev_dht.c:43:13:Pin_Input	32	static
../BSP/Src/dev_dht.c:55:16:Wait_For_Level	24	static
../BSP/Src/dev_dht.c:78:16:Read_Data_Core	80	static
../BSP/Src/dev_dht.c:139:13:Read_Sensor_Once	32	static
../BSP/Src/dev_dht.c:178:6:DHT_Init	8	static
../BSP/Src/dev_dht.c:186:6:DHT_Update	16	static
../BSP/Src/dev_dht.c:198:7:DHT_GetTemperature	4	static
../BSP/Src/dev_dht.c:199:7:DHT_GetHumidity	4	static
../BSP/Src/dev_dht.c:200:14:DHT_GetLastStatus	4	static
