../BSP/Src/dev_display.c:26:13:led_shift_out	24	static
../BSP/Src/dev_display.c:45:13:led_all_on	8	static
../BSP/Src/dev_display.c:46:13:led_all_off	8	static
../BSP/Src/dev_display.c:52:16:wrap8	16	static
../BSP/Src/dev_display.c:59:6:LED_Bar_Depart	8	static
../BSP/Src/dev_display.c:67:6:LED_Bar_Arrive	8	static
../BSP/Src/dev_display.c:75:6:LED_Bar_Go_Up	8	static
../BSP/Src/dev_display.c:82:6:LED_Bar_Go_Down	8	static
../BSP/Src/dev_display.c:89:6:LED_Bar_Update	24	static
../BSP/Src/dev_display.c:178:6:FND_Shift_Data	32	static
../BSP/Src/dev_display.c:214:6:FND_Scan	8	static
../BSP/Src/dev_display.c:236:6:RGB_Init	8	static
../BSP/Src/dev_display.c:241:6:RGB_SetColor	24	static
../BSP/Src/dev_display.c:276:13:lcd_i2c_write	24	static
../BSP/Src/dev_display.c:282:13:lcd_pulse_enable	16	static
../BSP/Src/dev_display.c:290:13:lcd_write4bits	24	static
../BSP/Src/dev_display.c:302:13:lcd_send	24	static
../BSP/Src/dev_display.c:309:13:lcd_command	16	static
../BSP/Src/dev_display.c:310:13:lcd_data	16	static
../BSP/Src/dev_display.c:312:6:LCD_Init	8	static
../BSP/Src/dev_display.c:343:6:LCD_Clear	8	static
../BSP/Src/dev_display.c:349:6:LCD_SetCursor	24	static
../BSP/Src/dev_display.c:356:6:LCD_Print	16	static
../BSP/Src/dev_display.c:362:13:lcd_print_line	40	static
../BSP/Src/dev_display.c:379:6:Display_Init	8	static
../BSP/Src/dev_display.c:385:6:Display_Update	72	static
../BSP/Src/dev_display.c:435:6:I2C_Scan	16	static
