../App/Src/app_elevator_fsm.c:35:13:Door_EnterPhase	16	static
../App/Src/app_elevator_fsm.c:63:13:FSM_HandleIdle	16	static
../App/Src/app_elevator_fsm.c:99:13:FSM_HandleMoving	8	static
../App/Src/app_elevator_fsm.c:115:13:FSM_HandleDoorOpen	16	static
../App/Src/app_elevator_fsm.c:184:13:FSM_HandleError	8	static
../App/Src/app_elevator_fsm.c:201:13:FSM_HandleInspection	8	static
../App/Src/app_elevator_fsm.c:216:6:Elevator_FSM_Init	16	static
../App/Src/app_elevator_fsm.c:238:6:Elevator_FSM_Update	8	static
../App/Src/app_elevator_fsm.c:286:17:Elevator_FSM_GetState	4	static
